Archive member included to satisfy reference by file (symbol)

C:/devkitPro/libnx/lib\libnx.a(console.o)
                              main.o (consoleInit)
C:/devkitPro/libnx/lib\libnx.a(applet.o)
                              main.o (appletMainLoop)
C:/devkitPro/libnx/lib\libnx.a(hid.o)
                              main.o (hidKeysDown)
C:/devkitPro/libnx/lib\libnx.a(sm.o)
                              C:/devkitPro/libnx/lib\libnx.a(applet.o) (smGetService)
C:/devkitPro/libnx/lib\libnx.a(apm.o)
                              C:/devkitPro/libnx/lib\libnx.a(applet.o) (apmExit)
C:/devkitPro/libnx/lib\libnx.a(fatal.o)
                              C:/devkitPro/libnx/lib\libnx.a(applet.o) (fatalSimple)
C:/devkitPro/libnx/lib\libnx.a(gfx.o)
                              C:/devkitPro/libnx/lib\libnx.a(console.o) (g_gfx_framebuf_display_height)
C:/devkitPro/libnx/lib\libnx.a(nvgfx.o)
                              C:/devkitPro/libnx/lib\libnx.a(gfx.o) (nvgfxInitialize)
C:/devkitPro/libnx/lib\libnx.a(channel.o)
                              C:/devkitPro/libnx/lib\libnx.a(nvgfx.o) (nvioctlChannel_SetNvmapFd)
C:/devkitPro/libnx/lib\libnx.a(nvhost-ctrl.o)
                              C:/devkitPro/libnx/lib\libnx.a(nvgfx.o) (nvioctlNvhostCtrl_EventWait)
C:/devkitPro/libnx/lib\libnx.a(nvhost-ctrl-gpu.o)
                              C:/devkitPro/libnx/lib\libnx.a(nvgfx.o) (nvioctlNvhostCtrlGpu_ZCullGetCtxSize)
C:/devkitPro/libnx/lib\libnx.a(nvhost-as-gpu.o)
                              C:/devkitPro/libnx/lib\libnx.a(nvgfx.o) (nvioctlNvhostAsGpu_BindChannel)
C:/devkitPro/libnx/lib\libnx.a(nvmap.o)
                              C:/devkitPro/libnx/lib\libnx.a(nvgfx.o) (nvioctlNvmap_Create)
C:/devkitPro/libnx/lib\libnx.a(cache.o)
                              C:/devkitPro/libnx/lib\libnx.a(gfx.o) (armDCacheFlush)
C:/devkitPro/libnx/lib\libnx.a(switch_crt0.o)
                              (_start)
C:/devkitPro/libnx/lib\libnx.a(svc.o)
                              C:/devkitPro/libnx/lib\libnx.a(fatal.o) (svcExitProcess)
C:/devkitPro/libnx/lib\libnx.a(default_font.bin.o)
                              C:/devkitPro/libnx/lib\libnx.a(console.o) (default_font_bin)
C:/devkitPro/libnx/lib\libnx.a(dynamic.o)
                              C:/devkitPro/libnx/lib\libnx.a(switch_crt0.o) (__nx_dynamic)
C:/devkitPro/libnx/lib\libnx.a(init.o)
                              C:/devkitPro/libnx/lib\libnx.a(switch_crt0.o) (__libnx_init)
C:/devkitPro/libnx/lib\libnx.a(env.o)
                              C:/devkitPro/libnx/lib\libnx.a(init.o) (envSetup)
C:/devkitPro/libnx/lib\libnx.a(newlib.o)
                              C:/devkitPro/libnx/lib\libnx.a(init.o) (__libnx_init_time)
C:/devkitPro/libnx/lib\libnx.a(argv.o)
                              C:/devkitPro/libnx/lib\libnx.a(init.o) (argvSetup)
C:/devkitPro/libnx/lib\libnx.a(detect.o)
                              C:/devkitPro/libnx/lib\libnx.a(applet.o) (kernelAbove200)
C:/devkitPro/libnx/lib\libnx.a(shmem.o)
                              C:/devkitPro/libnx/lib\libnx.a(hid.o) (shmemLoadRemote)
C:/devkitPro/libnx/lib\libnx.a(rwlock.o)
                              C:/devkitPro/libnx/lib\libnx.a(hid.o) (rwlockReadLock)
C:/devkitPro/libnx/lib\libnx.a(mutex.o)
                              C:/devkitPro/libnx/lib\libnx.a(newlib.o) (mutexLock)
C:/devkitPro/libnx/lib\libnx.a(virtmem.o)
                              C:/devkitPro/libnx/lib\libnx.a(init.o) (virtmemSetup)
C:/devkitPro/libnx/lib\libnx.a(fs_dev.o)
                              C:/devkitPro/libnx/lib\libnx.a(init.o) (fsdevMountSdmc)
C:/devkitPro/libnx/lib\libnx.a(nv.o)
                              C:/devkitPro/libnx/lib\libnx.a(gfx.o) (nvExit)
C:/devkitPro/libnx/lib\libnx.a(time.o)
                              C:/devkitPro/libnx/lib\libnx.a(init.o) (timeExit)
C:/devkitPro/libnx/lib\libnx.a(vi.o)
                              C:/devkitPro/libnx/lib\libnx.a(gfx.o) (viExit)
C:/devkitPro/libnx/lib\libnx.a(fs.o)
                              C:/devkitPro/libnx/lib\libnx.a(init.o) (fsInitialize)
C:/devkitPro/libnx/lib\libnx.a(buffer_producer.o)
                              C:/devkitPro/libnx/lib\libnx.a(gfx.o) (bufferProducerInitialize)
C:/devkitPro/libnx/lib\libnx.a(binder.o)
                              C:/devkitPro/libnx/lib\libnx.a(gfx.o) (binderCreateSession)
C:/devkitPro/libnx/lib\libnx.a(parcel.o)
                              C:/devkitPro/libnx/lib\libnx.a(buffer_producer.o) (parcelInitialize)
C:/devkitPro/libnx/lib\libnx.a(decode_utf8.o)
                              C:/devkitPro/libnx/lib\libnx.a(fs_dev.o) (decode_utf8)
C:/devkitPro/libnx/lib\libnx.a(readtp.o)
                              C:/devkitPro/libnx/lib\libnx.a(fs_dev.o) (__aarch64_read_tp)
C:/devkitPro/libnx/lib\libnx.a(nxlink.o)
                              C:/devkitPro/libnx/lib\libnx.a(argv.o) (nxlinkSetup)
C:/devkitPro/libnx/lib\libnx.a(tmem.o)
[...]
Memory Configuration

Name             Origin             Length             Attributes
*default*        0x0000000000000000 0xffffffffffffffff

Linker script and memory map

                0x0000000000000000                PROVIDE (__start__ = 0x0)
                0x0000000000000000                . = __start__

.crt0           0x0000000000000000      0x118
 *(.crt0)
 .crt0          0x0000000000000000      0x114 C:/devkitPro/libnx/lib\libnx.a(switch_crt0.o)
                0x0000000000000000                _start
                0x0000000000000104                __nx_exit
                0x0000000000000118                . = ALIGN (0x8)
 *fill*         0x0000000000000114        0x4 

.init           0x0000000000000118       0x38
 *(.init)
 .init          0x0000000000000118       0x18 c:/devkitpro/devkita64/bin/../lib/gcc/aarch64-none-elf/8.2.0/pic/crti.o
                0x0000000000000118                _init
 .init          0x0000000000000130       0x1c c:/devkitpro/devkita64/bin/../lib/gcc/aarch64-none-elf/8.2.0/pic/crtn.o
                0x0000000000000150                . = ALIGN (0x8)
 *fill*         0x000000000000014c        0x4 

.plt            0x0000000000000150        0x0
 *(.plt)
 .plt           0x0000000000000150        0x0 c:/devkitpro/devkita64/bin/../lib/gcc/aarch64-none-elf/8.2.0/pic/crti.o
 *(.iplt)
                0x0000000000000150                . = ALIGN (0x8)

.text           0x0000000000000180    0x27ac8
 *(.text.unlikely .text.*_unlikely .text.unlikely.*)
 *(.text.exit .text.exit.*)
 .text.exit     0x0000000000000180       0x38 c:/devkitpro/devkita64/bin/../lib/gcc/aarch64-none-elf/8.2.0/../../../../aarch64-none-elf/lib/pic\libg.a(lib_a-exit.o)
                0x0000000000000180                exit
 *(.text.startup .text.startup.*)
 *fill*         0x00000000000001b8        0x8 
 .text.startup.main
                0x00000000000001c0     0x420c main.o
                0x00000000000001c0                main
 *(.text.hot .text.hot.*)
 *(.text .stub .text.* .gnu.linkonce.t.*)
 *fill*         0x00000000000043cc        0x4 
 .text.deregister_tm_clones
                0x00000000000043d0       0x2c c:/devkitpro/devkita64/bin/../lib/gcc/aarch64-none-elf/8.2.0/pic/crtbegin.o
 *fill*         0x00000000000043fc        0x4 
 .text.register_tm_clones
                0x0000000000004400       0x38 c:/devkitpro/devkita64/bin/../lib/gcc/aarch64-none-elf/8.2.0/pic/crtbegin.o
 .text.__do_global_dtors_aux
                0x0000000000004438       0x48 c:/devkitpro/devkita64/bin/../lib/gcc/aarch64-none-elf/8.2.0/pic/crtbegin.o
 .text.frame_dummy
                0x0000000000004480       0x34 c:/devkitpro/devkita64/bin/../lib/gcc/aarch64-none-elf/8.2.0/pic/crtbegin.o
 *fill*         0x00000000000044b4        0xc 
 .text.consoleDrawChar
                0x00000000000044c0      0x294 C:/devkitPro/libnx/lib\libnx.a(console.o)
                0x00000000000044c0                consoleDrawChar
 *fill*         0x0000000000004754        0xc 
 .text.consolePrintChar
                0x0000000000004760      0x164 C:/devkitPro/libnx/lib\libnx.a(console.o)
                0x0000000000004760                consolePrintChar
 *fill*         0x00000000000048c4        0xc 
 .text.consoleClearLine
                0x00000000000048d0      0x170 C:/devkitPro/libnx/lib\libnx.a(console.o)
 .text.newRow   0x0000000000004a40      0x1c4 C:/devkitPro/libnx/lib\libnx.a(console.o)
 *fill*         0x0000000000004c04        0xc 
 .text.consoleCls
                0x0000000000004c10      0x18c C:/devkitPro/libnx/lib\libnx.a(console.o)
 *fill*         0x0000000000004d9c        0x4 
 .text.consoleInit
                0x0000000000004da0       0xf8 C:/devkitPro/libnx/lib\libnx.a(console.o)
                0x0000000000004da0                consoleInit
 *fill*         0x0000000000004e98        0x8 
 .text.con_write
                0x0000000000004ea0      0x854 C:/devkitPro/libnx/lib\libnx.a(console.o)
 *fill*         0x00000000000056f4        0xc 
 .text.ipcCloseObjectById
                0x0000000000005700       0x34 C:/devkitPro/libnx/lib\libnx.a(applet.o)
 *fill*         0x0000000000005734        0xc 
 .text._appletGetHandle
                0x0000000000005740      0x124 C:/devkitPro/libnx/lib\libnx.a(applet.o)
 *fill*         0x0000000000005864        0xc 
 .text._appletGetOperationMode.constprop.13
                0x0000000000005870       0xe0 C:/devkitPro/libnx/lib\libnx.a(applet.o)
 .text._appletGetCurrentFocusState.constprop.15
                0x0000000000005950       0xe0 C:/devkitPro/libnx/lib\libnx.a(applet.o)
 .text._appletReceiveMessage
                0x0000000000005a30       0xec C:/devkitPro/libnx/lib\libnx.a(applet.o)
 *fill*         0x0000000000005b1c        0x4 
 .text._appletGetPerformanceMode.constprop.14
                0x0000000000005b20       0xe0 C:/devkitPro/libnx/lib\libnx.a(applet.o)
 .text._appletAcquireForegroundRights
                0x0000000000005c00       0xcc C:/devkitPro/libnx/lib\libnx.a(applet.o)
 *fill*         0x0000000000005ccc        0x4 
 .text._appletSetOperationModeChangedNotification.constprop.16
                0x0000000000005cd0       0xd4 C:/devkitPro/libnx/lib\libnx.a(applet.o)
 *fill*         0x0000000000005da4        0xc 
 .text._appletSetPerformanceModeChangedNotification.constprop.17
                0x0000000000005db0       0xd4 C:/devkitPro/libnx/lib\libnx.a(applet.o)
 *fill*         0x0000000000005e84        0xc 
 .text._appletSetOutOfFocusSuspendingEnabled
                0x0000000000005e90       0xd0 C:/devkitPro/libnx/lib\libnx.a(applet.o)
 .text._appletSetFocusHandlingMode
                0x0000000000005f60       0xd8 C:/devkitPro/libnx/lib\libnx.a(applet.o)
 *fill*         0x0000000000006038        0x8 
 .text._appletGetAppletResourceUserId.constprop.11
                0x0000000000006040       0xe0 C:/devkitPro/libnx/lib\libnx.a(applet.o)
 .text._appletGetSessionProxy.constprop.10
                0x0000000000006120      0x13c C:/devkitPro/libnx/lib\libnx.a(applet.o)
 *fill*         0x000000000000625c        0x4 
 .text.appletExit
                0x0000000000006260      0x48c C:/devkitPro/libnx/lib\libnx.a(applet.o)
                0x0000000000006260                appletExit
 *fill*         0x00000000000066ec        0x4 
 .text.appletHook
                0x00000000000066f0       0x28 C:/devkitPro/libnx/lib\libnx.a(applet.o)
                0x00000000000066f0                appletHook
 *fill*         0x0000000000006718        0x8 
 .text.appletUnhook
                0x0000000000006720       0x34 C:/devkitPro/libnx/lib\libnx.a(applet.o)
                0x0000000000006720                appletUnhook
 *fill*         0x0000000000006754        0xc 
 .text.appletGetAppletResourceUserId
                0x0000000000006760       0x28 C:/devkitPro/libnx/lib\libnx.a(applet.o)
                0x0000000000006760                appletGetAppletResourceUserId
 *fill*         0x0000000000006788        0x8 
 .text.appletNotifyRunning
                0x0000000000006790      0x120 C:/devkitPro/libnx/lib\libnx.a(applet.o)
                0x0000000000006790                appletNotifyRunning
 .text.appletInitialize
                0x00000000000068b0      0x4dc C:/devkitPro/libnx/lib\libnx.a(applet.o)
                0x00000000000068b0                appletInitialize
 *fill*         0x0000000000006d8c        0x4 
 .text.appletCreateManagedDisplayLayer
                0x0000000000006d90       0xec C:/devkitPro/libnx/lib\libnx.a(applet.o)
                0x0000000000006d90                appletCreateManagedDisplayLayer
 *fill*         0x0000000000006e7c        0x4 
 .text.appletGetOperationMode
                0x0000000000006e80        0xc C:/devkitPro/libnx/lib\libnx.a(applet.o)
                0x0000000000006e80                appletGetOperationMode
 *fill*         0x0000000000006e8c        0x4 
 .text.appletMainLoop
                0x0000000000006e90      0x144 C:/devkitPro/libnx/lib\libnx.a(applet.o)
                0x0000000000006e90                appletMainLoop
 *fill*         0x0000000000006fd4        0xc 
 .text.ipcCloseObjectById
                0x0000000000006fe0       0x34 C:/devkitPro/libnx/lib\libnx.a(hid.o)
 *fill*         0x0000000000007014        0xc 
 .text._hidGetSharedMemoryHandle.constprop.8
                0x0000000000007020      0x124 C:/devkitPro/libnx/lib\libnx.a(hid.o)
 *fill*         0x0000000000007144        0xc 
 .text._hidCreateAppletResource.constprop.7
                0x0000000000007150      0x134 C:/devkitPro/libnx/lib\libnx.a(hid.o)
 *fill*         0x0000000000007284        0xc 
 .text.hidReset
                0x0000000000007290      0x1b0 C:/devkitPro/libnx/lib\libnx.a(hid.o)
                0x0000000000007290                hidReset
 .text.hidGetSharedmemAddr
                0x0000000000007440        0xc C:/devkitPro/libnx/lib\libnx.a(hid.o)
                0x0000000000007440                hidGetSharedmemAddr
 *fill*         0x000000000000744c        0x4 
 .text.hidKeysDown
                0x0000000000007450       0x6c C:/devkitPro/libnx/lib\libnx.a(hid.o)
                0x0000000000007450                hidKeysDown
 *fill*         0x00000000000074bc        0x4 
 .text.hidTouchCount
                0x00000000000074c0        0xc C:/devkitPro/libnx/lib\libnx.a(hid.o)
                0x00000000000074c0                hidTouchCount
 *fill*         0x00000000000074cc        0x4 
 .text.hidScanInput
                0x00000000000074d0      0x49c C:/devkitPro/libnx/lib\libnx.a(hid.o)
                0x00000000000074d0                hidScanInput
 *fill*         0x000000000000796c        0x4 
 .text.hidSetNpadJoyAssignmentModeDual
                0x0000000000007970      0x10c C:/devkitPro/libnx/lib\libnx.a(hid.o)
                0x0000000000007970                hidSetNpadJoyAssignmentModeDual
 *fill*         0x0000000000007a7c        0x4 
 .text.hidExit  0x0000000000007a80      0x120 C:/devkitPro/libnx/lib\libnx.a(hid.o)
                0x0000000000007a80                hidExit
 .text.hidInitialize
                0x0000000000007ba0       0xe8 C:/devkitPro/libnx/lib\libnx.a(hid.o)
                0x0000000000007ba0                hidInitialize
 *fill*         0x0000000000007c88        0x8 
 .text.smAddOverrideHandle
                0x0000000000007c90       0x44 C:/devkitPro/libnx/lib\libnx.a(sm.o)
                0x0000000000007c90                smAddOverrideHandle
 *fill*         0x0000000000007cd4        0xc 
 .text.smGetServiceOverride
                0x0000000000007ce0       0x60 C:/devkitPro/libnx/lib\libnx.a(sm.o)
                0x0000000000007ce0                smGetServiceOverride
 .text.smHasInitialized
                0x0000000000007d40       0x14 C:/devkitPro/libnx/lib\libnx.a(sm.o)
                0x0000000000007d40                smHasInitialized
 *fill*         0x0000000000007d54        0xc 
 .text.smExit   0x0000000000007d60       0x48 C:/devkitPro/libnx/lib\libnx.a(sm.o)
                0x0000000000007d60                smExit
 *fill*         0x0000000000007da8        0x8 
 .text.smEncodeName
                0x0000000000007db0       0x38 C:/devkitPro/libnx/lib\libnx.a(sm.o)
                0x0000000000007db0                smEncodeName
 *fill*         0x0000000000007de8        0x8 
 .text.smGetServiceOriginal
                0x0000000000007df0      0x12c C:/devkitPro/libnx/lib\libnx.a(sm.o)
                0x0000000000007df0                smGetServiceOriginal
 *fill*         0x0000000000007f1c        0x4 
 .text.smInitialize
                0x0000000000007f20      0x158 C:/devkitPro/libnx/lib\libnx.a(sm.o)
                0x0000000000007f20                smInitialize
 *fill*         0x0000000000008078        0x8 
 .text.smGetService
                0x0000000000008080       0x74 C:/devkitPro/libnx/lib\libnx.a(sm.o)
                0x0000000000008080                smGetService
 *fill*         0x00000000000080f4        0xc 
 .text.ipcCloseObjectById
                0x0000000000008100       0x34 C:/devkitPro/libnx/lib\libnx.a(apm.o)
 *fill*         0x0000000000008134        0xc 
 .text._apmGetSession.constprop.4
                0x0000000000008140      0x124 C:/devkitPro/libnx/lib\libnx.a(apm.o)
 *fill*         0x0000000000008264        0xc 
 .text.apmExit  0x0000000000008270       0xf0 C:/devkitPro/libnx/lib\libnx.a(apm.o)
                0x0000000000008270                apmExit
 .text.apmInitialize
                0x0000000000008360       0x8c C:/devkitPro/libnx/lib\libnx.a(apm.o)
                0x0000000000008360                apmInitialize
 *fill*         0x00000000000083ec        0x4 
 .text.apmSetPerformanceConfiguration
                0x00000000000083f0       0xcc C:/devkitPro/libnx/lib\libnx.a(apm.o)
                0x00000000000083f0                apmSetPerformanceConfiguration
 *fill*         0x00000000000084bc        0x4 
 .text.fatalWithType
                0x00000000000084c0       0xec C:/devkitPro/libnx/lib\libnx.a(fatal.o)
                0x00000000000084c0                fatalWithType
 *fill*         0x00000000000085ac        0x4 
 .text.fatalSimple
                0x00000000000085b0       0x14 C:/devkitPro/libnx/lib\libnx.a(fatal.o)
                0x00000000000085b0                fatalSimple
 *fill*         0x00000000000085c4        0xc 
 .text._gfxDequeueBuffer.part.0
                0x00000000000085d0       0xc8 C:/devkitPro/libnx/lib\libnx.a(gfx.o)
 *fill*         0x0000000000008698        0x8 
 .text._gfxQueueBuffer.part.1
                0x00000000000086a0       0x38 C:/devkitPro/libnx/lib\libnx.a(gfx.o)
 *fill*         0x00000000000086d8        0x8 
 .text.gfxConfigureCrop
                0x00000000000086e0       0xe8 C:/devkitPro/libnx/lib\libnx.a(gfx.o)
                0x00000000000086e0                gfxConfigureCrop
 *fill*         0x00000000000087c8        0x8 
 .text.gfxConfigureResolution
                0x00000000000087d0       0x14 C:/devkitPro/libnx/lib\libnx.a(gfx.o)
                0x00000000000087d0                gfxConfigureResolution
 *fill*         0x00000000000087e4        0xc 
 .text._gfxAutoResolutionAppletHook
                0x00000000000087f0       0x60 C:/devkitPro/libnx/lib\libnx.a(gfx.o)
 .text.gfxConfigureAutoResolution
                0x0000000000008850      0x11c C:/devkitPro/libnx/lib\libnx.a(gfx.o)
                0x0000000000008850                gfxConfigureAutoResolution
 *fill*         0x000000000000896c        0x4 
 .text.gfxExit  0x0000000000008970      0x178 C:/devkitPro/libnx/lib\libnx.a(gfx.o)
                0x0000000000008970                gfxExit
 *fill*         0x0000000000008ae8        0x8 
 .text._gfxGraphicBufferInit
                0x0000000000008af0       0x54 C:/devkitPro/libnx/lib\libnx.a(gfx.o)
                0x0000000000008af0                _gfxGraphicBufferInit
 *fill*         0x0000000000008b44        0xc 
 .text.gfxWaitForVsync
                0x0000000000008b50       0x80 C:/devkitPro/libnx/lib\libnx.a(gfx.o)
                0x0000000000008b50                gfxWaitForVsync
 .text.gfxInitDefault
                0x0000000000008bd0      0x588 C:/devkitPro/libnx/lib\libnx.a(gfx.o)
                0x0000000000008bd0                gfxInitDefault
 *fill*         0x0000000000009158        0x8 
 .text.gfxSwapBuffers
                0x0000000000009160       0x5c C:/devkitPro/libnx/lib\libnx.a(gfx.o)
                0x0000000000009160                gfxSwapBuffers
 *fill*         0x00000000000091bc        0x4 
 .text.gfxGetFramebuffer
                0x00000000000091c0       0x68 C:/devkitPro/libnx/lib\libnx.a(gfx.o)
                0x00000000000091c0                gfxGetFramebuffer
 *fill*         0x0000000000009228        0x8 
 .text.gfxSetMode
                0x0000000000009230        0xc C:/devkitPro/libnx/lib\libnx.a(gfx.o)
                0x0000000000009230                gfxSetMode
 *fill*         0x000000000000923c        0x4 
 .text.gfxFlushBuffers
                0x0000000000009240      0x144 C:/devkitPro/libnx/lib\libnx.a(gfx.o)
                0x0000000000009240                gfxFlushBuffers
 *fill*         0x0000000000009384        0xc 
 .text.nvmapobjClose
                0x0000000000009390       0x3c C:/devkitPro/libnx/lib\libnx.a(nvgfx.o)
 *fill*         0x00000000000093cc        0x4 
 .text.nvmapobjInitialize.part.0
                0x00000000000093d0       0x6c C:/devkitPro/libnx/lib\libnx.a(nvgfx.o)
 *fill*         0x000000000000943c        0x4 
 .text.nvmapobjSetup.constprop.2
                0x0000000000009440       0x70 C:/devkitPro/libnx/lib\libnx.a(nvgfx.o)
 .text.nvgfxInitialize
                0x00000000000094b0      0xbd8 C:/devkitPro/libnx/lib\libnx.a(nvgfx.o)
                0x00000000000094b0                nvgfxInitialize
 *fill*         0x000000000000a088        0x8 
 .text.nvgfxExit
                0x000000000000a090      0x128 C:/devkitPro/libnx/lib\libnx.a(nvgfx.o)
                0x000000000000a090                nvgfxExit
 *fill*         0x000000000000a1b8        0x8 
 .text.nvgfxEventWait
                0x000000000000a1c0       0x68 C:/devkitPro/libnx/lib\libnx.a(nvgfx.o)
                0x000000000000a1c0                nvgfxEventWait
 *fill*         0x000000000000a228        0x8 
 .text.nvgfxGetFramebuffer
                0x000000000000a230       0x3c C:/devkitPro/libnx/lib\libnx.a(nvgfx.o)
                0x000000000000a230                nvgfxGetFramebuffer
 *fill*         0x000000000000a26c        0x4 
 .text.nvioctlChannel_SetNvmapFd
                0x000000000000a270       0x24 C:/devkitPro/libnx/lib\libnx.a(channel.o)
                0x000000000000a270                nvioctlChannel_SetNvmapFd
 *fill*         0x000000000000a294        0xc 
 .text.nvioctlChannel_AllocObjCtx
                0x000000000000a2a0       0x30 C:/devkitPro/libnx/lib\libnx.a(channel.o)
                0x000000000000a2a0                nvioctlChannel_AllocObjCtx
 .text.nvioctlChannel_ZCullBind
                0x000000000000a2d0       0x28 C:/devkitPro/libnx/lib\libnx.a(channel.o)
                0x000000000000a2d0                nvioctlChannel_ZCullBind
 *fill*         0x000000000000a2f8        0x8 
 .text.nvioctlChannel_SetErrorNotifier
                0x000000000000a300       0x28 C:/devkitPro/libnx/lib\libnx.a(channel.o)
                0x000000000000a300                nvioctlChannel_SetErrorNotifier
 *fill*         0x000000000000a328        0x8 
 .text.nvioctlChannel_SetPriority
                0x000000000000a330       0x24 C:/devkitPro/libnx/lib\libnx.a(channel.o)
                0x000000000000a330                nvioctlChannel_SetPriority
 *fill*         0x000000000000a354        0xc 
 .text.nvioctlChannel_AllocGpfifoEx2
                0x000000000000a360       0x54 C:/devkitPro/libnx/lib\libnx.a(channel.o)
                0x000000000000a360                nvioctlChannel_AllocGpfifoEx2
 *fill*         0x000000000000a3b4        0xc 
 .text.nvioctlChannel_SetUserData
                0x000000000000a3c0       0x24 C:/devkitPro/libnx/lib\libnx.a(channel.o)
                0x000000000000a3c0                nvioctlChannel_SetUserData
 *fill*         0x000000000000a3e4        0xc 
 .text.nvioctlNvhostCtrl_EventWait
                0x000000000000a3f0       0x40 C:/devkitPro/libnx/lib\libnx.a(nvhost-ctrl.o)
                0x000000000000a3f0                nvioctlNvhostCtrl_EventWait
 .text.nvioctlNvhostCtrlGpu_ZCullGetCtxSize
                0x000000000000a430       0x3c C:/devkitPro/libnx/lib\libnx.a(nvhost-ctrl-gpu.o)
                0x000000000000a430                nvioctlNvhostCtrlGpu_ZCullGetCtxSize
 *fill*         0x000000000000a46c        0x4 
 .text.nvioctlNvhostCtrlGpu_ZCullGetInfo
                0x000000000000a470       0x60 C:/devkitPro/libnx/lib\libnx.a(nvhost-ctrl-gpu.o)
                0x000000000000a470                nvioctlNvhostCtrlGpu_ZCullGetInfo
 .text.nvioctlNvhostCtrlGpu_GetCharacteristics
                0x000000000000a4d0       0x9c C:/devkitPro/libnx/lib\libnx.a(nvhost-ctrl-gpu.o)
                0x000000000000a4d0                nvioctlNvhostCtrlGpu_GetCharacteristics
 *fill*         0x000000000000a56c        0x4 
 .text.nvioctlNvhostCtrlGpu_GetTpcMasks
                0x000000000000a570       0x5c C:/devkitPro/libnx/lib\libnx.a(nvhost-ctrl-gpu.o)
                0x000000000000a570                nvioctlNvhostCtrlGpu_GetTpcMasks
 *fill*         0x000000000000a5cc        0x4 
 .text.nvioctlNvhostCtrlGpu_GetL2State
                0x000000000000a5d0       0x3c C:/devkitPro/libnx/lib\libnx.a(nvhost-ctrl-gpu.o)
                0x000000000000a5d0                nvioctlNvhostCtrlGpu_GetL2State
 *fill*         0x000000000000a60c        0x4 
 .text.nvioctlNvhostAsGpu_BindChannel
                0x000000000000a610       0x24 C:/devkitPro/libnx/lib\libnx.a(nvhost-as-gpu.o)
                0x000000000000a610                nvioctlNvhostAsGpu_BindChannel
 *fill*         0x000000000000a634        0xc 
 .text.nvioctlNvhostAsGpu_AllocSpace
                0x000000000000a640       0x44 C:/devkitPro/libnx/lib\libnx.a(nvhost-as-gpu.o)
                0x000000000000a640                nvioctlNvhostAsGpu_AllocSpace
 *fill*         0x000000000000a684        0xc 
 .text.nvioctlNvhostAsGpu_MapBufferEx
                0x000000000000a690       0x50 C:/devkitPro/libnx/lib\libnx.a(nvhost-as-gpu.o)
                0x000000000000a690                nvioctlNvhostAsGpu_MapBufferEx
 .text.nvioctlNvhostAsGpu_GetVARegions
                0x000000000000a6e0       0x70 C:/devkitPro/libnx/lib\libnx.a(nvhost-as-gpu.o)
                0x000000000000a6e0                nvioctlNvhostAsGpu_GetVARegions
 .text.nvioctlNvhostAsGpu_InitializeEx
                0x000000000000a750       0x3c C:/devkitPro/libnx/lib\libnx.a(nvhost-as-gpu.o)
                0x000000000000a750                nvioctlNvhostAsGpu_InitializeEx
 *fill*         0x000000000000a78c        0x4 
 .text.nvioctlNvmap_Create
                0x000000000000a790       0x3c C:/devkitPro/libnx/lib\libnx.a(nvmap.o)
                0x000000000000a790                nvioctlNvmap_Create
 *fill*         0x000000000000a7cc        0x4 
 .text.nvioctlNvmap_FromId
                0x000000000000a7d0       0x3c C:/devkitPro/libnx/lib\libnx.a(nvmap.o)
                0x000000000000a7d0                nvioctlNvmap_FromId
 *fill*         0x000000000000a80c        0x4 
 .text.nvioctlNvmap_Alloc
                0x000000000000a810       0x30 C:/devkitPro/libnx/lib\libnx.a(nvmap.o)
                0x000000000000a810                nvioctlNvmap_Alloc
 .text.nvioctlNvmap_GetId
                0x000000000000a840       0x3c C:/devkitPro/libnx/lib\libnx.a(nvmap.o)
                0x000000000000a840                nvioctlNvmap_GetId
 .text.armDCacheFlush
                0x000000000000a87c       0x3c C:/devkitPro/libnx/lib\libnx.a(cache.o)
                0x000000000000a87c                armDCacheFlush
 .text.svcSetHeapSize
                0x000000000000a8b8       0x14 C:/devkitPro/libnx/lib\libnx.a(svc.o)
                0x000000000000a8b8                svcSetHeapSize
 .text.svcUnmapMemory
                0x000000000000a8cc        0x8 C:/devkitPro/libnx/lib\libnx.a(svc.o)
                0x000000000000a8cc                svcUnmapMemory
 .text.svcQueryMemory
                0x000000000000a8d4       0x14 C:/devkitPro/libnx/lib\libnx.a(svc.o)
                0x000000000000a8d4                svcQueryMemory
 .text.svcExitProcess
                0x000000000000a8e8        0x8 C:/devkitPro/libnx/lib\libnx.a(svc.o)
                0x000000000000a8e8                svcExitProcess
 .text.svcSleepThread
                0x000000000000a8f0        0x8 C:/devkitPro/libnx/lib\libnx.a(svc.o)
                0x000000000000a8f0                svcSleepThread
 .text.svcMapSharedMemory
                0x000000000000a8f8        0x8 C:/devkitPro/libnx/lib\libnx.a(svc.o)
                0x000000000000a8f8                svcMapSharedMemory
 .text.svcUnmapSharedMemory
                0x000000000000a900        0x8 C:/devkitPro/libnx/lib\libnx.a(svc.o)
                0x000000000000a900                svcUnmapSharedMemory
 .text.svcCreateTransferMemory
                0x000000000000a908       0x14 C:/devkitPro/libnx/lib\libnx.a(svc.o)
                0x000000000000a908                svcCreateTransferMemory
 .text.svcCloseHandle
                0x000000000000a91c        0x8 C:/devkitPro/libnx/lib\libnx.a(svc.o)
                0x000000000000a91c                svcCloseHandle
 .text.svcResetSignal
                0x000000000000a924        0x8 C:/devkitPro/libnx/lib\libnx.a(svc.o)
                0x000000000000a924                svcResetSignal
 .text.svcWaitSynchronization
                0x000000000000a92c       0x14 C:/devkitPro/libnx/lib\libnx.a(svc.o)
                0x000000000000a92c                svcWaitSynchronization
 .text.svcArbitrateLock
                0x000000000000a940        0x8 C:/devkitPro/libnx/lib\libnx.a(svc.o)
                0x000000000000a940                svcArbitrateLock
 .text.svcArbitrateUnlock
                0x000000000000a948        0x8 C:/devkitPro/libnx/lib\libnx.a(svc.o)
                0x000000000000a948                svcArbitrateUnlock
 .text.svcGetSystemTick
                0x000000000000a950        0x8 C:/devkitPro/libnx/lib\libnx.a(svc.o)
                0x000000000000a950                svcGetSystemTick
 .text.svcConnectToNamedPort
                0x000000000000a958       0x14 C:/devkitPro/libnx/lib\libnx.a(svc.o)
                0x000000000000a958                svcConnectToNamedPort
 .text.svcSendSyncRequest
                0x000000000000a96c        0x8 C:/devkitPro/libnx/lib\libnx.a(svc.o)
                0x000000000000a96c                svcSendSyncRequest
 .text.svcBreak
                0x000000000000a974        0x8 C:/devkitPro/libnx/lib\libnx.a(svc.o)
                0x000000000000a974                svcBreak
 .text.svcGetInfo
                0x000000000000a97c       0x14 C:/devkitPro/libnx/lib\libnx.a(svc.o)
                0x000000000000a97c                svcGetInfo
 .text.svcUnmapTransferMemory
                0x000000000000a990        0x8 C:/devkitPro/libnx/lib\libnx.a(svc.o)
                0x000000000000a990                svcUnmapTransferMemory
 *fill*         0x000000000000a998        0x8 
 .text.__nx_dynamic
                0x000000000000a9a0       0xa0 C:/devkitPro/libnx/lib\libnx.a(dynamic.o)
                0x000000000000a9a0                __nx_dynamic
 .text.__libnx_initheap
                0x000000000000aa40       0xd8 C:/devkitPro/libnx/lib\libnx.a(init.o)
                0x000000000000aa40                __libnx_initheap
 *fill*         0x000000000000ab18        0x8 
 .text.__appInit
                0x000000000000ab20       0x90 C:/devkitPro/libnx/lib\libnx.a(init.o)
                0x000000000000ab20                __appInit
 .text.__appExit
                0x000000000000abb0       0x34 C:/devkitPro/libnx/lib\libnx.a(init.o)
                0x000000000000abb0                __appExit
 *fill*         0x000000000000abe4        0xc 
 .text.__libnx_init
                0x000000000000abf0       0x28 C:/devkitPro/libnx/lib\libnx.a(init.o)
                0x000000000000abf0                __libnx_init
 *fill*         0x000000000000ac18        0x8 
 .text.__libnx_exit
                0x000000000000ac20       0x20 C:/devkitPro/libnx/lib\libnx.a(init.o)
                0x000000000000ac20                __libnx_exit
 .text.envSetup
                0x000000000000ac40      0x1b0 C:/devkitPro/libnx/lib\libnx.a(env.o)
                0x000000000000ac40                envSetup
 .text.envGetMainThreadHandle
                0x000000000000adf0       0x20 C:/devkitPro/libnx/lib\libnx.a(env.o)
                0x000000000000adf0                envGetMainThreadHandle
 .text.envIsNso
                0x000000000000ae10        0xc C:/devkitPro/libnx/lib\libnx.a(env.o)
                0x000000000000ae10                envIsNso
 *fill*         0x000000000000ae1c        0x4 
 .text.envHasHeapOverride
                0x000000000000ae20       0x14 C:/devkitPro/libnx/lib\libnx.a(env.o)
                0x000000000000ae20                envHasHeapOverride
 *fill*         0x000000000000ae34        0xc 
 .text.envGetHeapOverrideAddr
                0x000000000000ae40        0xc C:/devkitPro/libnx/lib\libnx.a(env.o)
                0x000000000000ae40                envGetHeapOverrideAddr
 *fill*         0x000000000000ae4c        0x4 
 .text.envGetHeapOverrideSize
                0x000000000000ae50        0xc C:/devkitPro/libnx/lib\libnx.a(env.o)
                0x000000000000ae50                envGetHeapOverrideSize
 *fill*         0x000000000000ae5c        0x4 
 .text.envHasArgv
                0x000000000000ae60       0x14 C:/devkitPro/libnx/lib\libnx.a(env.o)
                0x000000000000ae60                envHasArgv
 *fill*         0x000000000000ae74        0xc 
 .text.envGetArgv
                0x000000000000ae80        0xc C:/devkitPro/libnx/lib\libnx.a(env.o)
                0x000000000000ae80                envGetArgv
 *fill*         0x000000000000ae8c        0x4 
 .text.envGetExitFuncPtr
                0x000000000000ae90        0xc C:/devkitPro/libnx/lib\libnx.a(env.o)
                0x000000000000ae90                envGetExitFuncPtr
 *fill*         0x000000000000ae9c        0x4 
 .text.mutexInit
                0x000000000000aea0        0x8 C:/devkitPro/libnx/lib\libnx.a(newlib.o)
 *fill*         0x000000000000aea8        0x8 
 .text.rmutexInit
                0x000000000000aeb0        0xc C:/devkitPro/libnx/lib\libnx.a(newlib.o)
 *fill*         0x000000000000aebc        0x4 
 .text.__libnx_gtod
                0x000000000000aec0       0xb8 C:/devkitPro/libnx/lib\libnx.a(newlib.o)
                0x000000000000aec0                __libnx_gtod
 *fill*         0x000000000000af78        0x8 
 .text.__libnx_clock_settime
                0x000000000000af80       0x20 C:/devkitPro/libnx/lib\libnx.a(newlib.o)
                0x000000000000af80                __libnx_clock_settime
 .text.__libnx_nanosleep
                0x000000000000afa0       0x28 C:/devkitPro/libnx/lib\libnx.a(newlib.o)
                0x000000000000afa0                __libnx_nanosleep
 *fill*         0x000000000000afc8        0x8 
 .text.__libnx_get_reent
                0x000000000000afd0       0x34 C:/devkitPro/libnx/lib\libnx.a(newlib.o)
 *fill*         0x000000000000b004        0xc 
 .text.__libnx_clock_getres
                0x000000000000b010       0x58 C:/devkitPro/libnx/lib\libnx.a(newlib.o)
                0x000000000000b010                __libnx_clock_getres
 *fill*         0x000000000000b068        0x8 
 .text.__libnx_clock_gettime
                0x000000000000b070       0xe0 C:/devkitPro/libnx/lib\libnx.a(newlib.o)
                0x000000000000b070                __libnx_clock_gettime
 .text.__libnx_init_time
                0x000000000000b150       0x54 C:/devkitPro/libnx/lib\libnx.a(newlib.o)
                0x000000000000b150                __libnx_init_time
 *fill*         0x000000000000b1a4        0xc 
 .text.newlibSetup
                0x000000000000b1b0      0x118 C:/devkitPro/libnx/lib\libnx.a(newlib.o)
                0x000000000000b1b0                newlibSetup
 *fill*         0x000000000000b2c8        0x8 
 .text.argvSetup
                0x000000000000b2d0      0x368 C:/devkitPro/libnx/lib\libnx.a(argv.o)
                0x000000000000b2d0                argvSetup
 *fill*         0x000000000000b638        0x8 
 .text._CacheValues
                0x000000000000b640      0x150 C:/devkitPro/libnx/lib\libnx.a(detect.o)
 .text.kernelAbove200
                0x000000000000b790       0x1c C:/devkitPro/libnx/lib\libnx.a(detect.o)
                0x000000000000b790                kernelAbove200
 *fill*         0x000000000000b7ac        0x4 
 .text.kernelAbove300
                0x000000000000b7b0       0x1c C:/devkitPro/libnx/lib\libnx.a(detect.o)
                0x000000000000b7b0                kernelAbove300
 *fill*         0x000000000000b7cc        0x4 
 .text.detectDebugger
                0x000000000000b7d0       0x30 C:/devkitPro/libnx/lib\libnx.a(detect.o)
                0x000000000000b7d0                detectDebugger
 .text.shmemLoadRemote
                0x000000000000b800       0x14 C:/devkitPro/libnx/lib\libnx.a(shmem.o)
                0x000000000000b800                shmemLoadRemote
 *fill*         0x000000000000b814        0xc 
 .text.shmemMap
                0x000000000000b820       0x84 C:/devkitPro/libnx/lib\libnx.a(shmem.o)
                0x000000000000b820                shmemMap
 *fill*         0x000000000000b8a4        0xc 
 .text.shmemUnmap
                0x000000000000b8b0       0x58 C:/devkitPro/libnx/lib\libnx.a(shmem.o)
                0x000000000000b8b0                shmemUnmap
 *fill*         0x000000000000b908        0x8 
 .text.shmemClose
                0x000000000000b910       0x44 C:/devkitPro/libnx/lib\libnx.a(shmem.o)
                0x000000000000b910                shmemClose
 *fill*         0x000000000000b954        0xc 
 .text.rwlockReadLock
                0x000000000000b960       0x4c C:/devkitPro/libnx/lib\libnx.a(rwlock.o)
                0x000000000000b960                rwlockReadLock
 *fill*         0x000000000000b9ac        0x4 
 .text.rwlockReadUnlock
                0x000000000000b9b0       0x4c C:/devkitPro/libnx/lib\libnx.a(rwlock.o)
                0x000000000000b9b0                rwlockReadUnlock
 *fill*         0x000000000000b9fc        0x4 
 .text.rwlockWriteLock
                0x000000000000ba00        0x8 C:/devkitPro/libnx/lib\libnx.a(rwlock.o)
                0x000000000000ba00                rwlockWriteLock
 *fill*         0x000000000000ba08        0x8 
 .text.rwlockWriteUnlock
                0x000000000000ba10        0x8 C:/devkitPro/libnx/lib\libnx.a(rwlock.o)
                0x000000000000ba10                rwlockWriteUnlock
 *fill*         0x000000000000ba18        0x8 
 .text.mutexLock
                0x000000000000ba20       0x8c C:/devkitPro/libnx/lib\libnx.a(mutex.o)
                0x000000000000ba20                mutexLock
 *fill*         0x000000000000baac        0x4 
 .text.mutexUnlock
                0x000000000000bab0       0x30 C:/devkitPro/libnx/lib\libnx.a(mutex.o)
                0x000000000000bab0                mutexUnlock
 .text.rmutexLock
                0x000000000000bae0       0x4c C:/devkitPro/libnx/lib\libnx.a(mutex.o)
                0x000000000000bae0                rmutexLock
 *fill*         0x000000000000bb2c        0x4 
 .text.rmutexUnlock
                0x000000000000bb30       0x1c C:/devkitPro/libnx/lib\libnx.a(mutex.o)
                0x000000000000bb30                rmutexUnlock
 *fill*         0x000000000000bb4c        0x4 
 .text._GetRegionFromInfo.isra.1
                0x000000000000bb50       0x7c C:/devkitPro/libnx/lib\libnx.a(virtmem.o)
 *fill*         0x000000000000bbcc        0x4 
 .text.virtmemSetup
                0x000000000000bbd0       0xe4 C:/devkitPro/libnx/lib\libnx.a(virtmem.o)
                0x000000000000bbd0                virtmemSetup
 *fill*         0x000000000000bcb4        0xc 
 .text.virtmemReserve
                0x000000000000bcc0      0x13c C:/devkitPro/libnx/lib\libnx.a(virtmem.o)
                0x000000000000bcc0                virtmemReserve
 *fill*         0x000000000000bdfc        0x4 
 .text.virtmemFree
                0x000000000000be00        0x4 C:/devkitPro/libnx/lib\libnx.a(virtmem.o)
                0x000000000000be00                virtmemFree
 *fill*         0x000000000000be04        0xc 
 .text.fsdev_link
                0x000000000000be10       0x10 C:/devkitPro/libnx/lib\libnx.a(fs_dev.o)
 .text.fsdev_dirreset
                0x000000000000be20       0x10 C:/devkitPro/libnx/lib\libnx.a(fs_dev.o)
 .text.fsdev_chmod
                0x000000000000be30       0x10 C:/devkitPro/libnx/lib\libnx.a(fs_dev.o)
 .text.error_cmp
                0x000000000000be40       0x1c C:/devkitPro/libnx/lib\libnx.a(fs_dev.o)
 *fill*         0x000000000000be5c        0x4 
 .text.fsdev_translate_error
                0x000000000000be60       0x58 C:/devkitPro/libnx/lib\libnx.a(fs_dev.o)
 *fill*         0x000000000000beb8        0x8 
 .text.fsdev_fsync
                0x000000000000bec0       0x40 C:/devkitPro/libnx/lib\libnx.a(fs_dev.o)
 .text.fsdev_ftruncate
                0x000000000000bf00       0x60 C:/devkitPro/libnx/lib\libnx.a(fs_dev.o)
 .text.fsdev_dirclose
                0x000000000000bf60       0x20 C:/devkitPro/libnx/lib\libnx.a(fs_dev.o)
 .text.fsdev_dirnext
                0x000000000000bf80      0x16c C:/devkitPro/libnx/lib\libnx.a(fs_dev.o)
 *fill*         0x000000000000c0ec        0x4 
 .text.fsdev_close
                0x000000000000c0f0       0x1c C:/devkitPro/libnx/lib\libnx.a(fs_dev.o)
 *fill*         0x000000000000c10c        0x4 
 .text.fsdev_fstat
                0x000000000000c110       0x80 C:/devkitPro/libnx/lib\libnx.a(fs_dev.o)
 .text.fsdev_seek
                0x000000000000c190       0xb0 C:/devkitPro/libnx/lib\libnx.a(fs_dev.o)
 .text.fsdev_read
                0x000000000000c240      0x198 C:/devkitPro/libnx/lib\libnx.a(fs_dev.o)
 *fill*         0x000000000000c3d8        0x8 
 .text.fsdev_write
                0x000000000000c3e0      0x1a0 C:/devkitPro/libnx/lib\libnx.a(fs_dev.o)
 .text.fsdevFindDevice
                0x000000000000c580      0x120 C:/devkitPro/libnx/lib\libnx.a(fs_dev.o)
 .text._fsdevMountDevice
                0x000000000000c6a0      0x168 C:/devkitPro/libnx/lib\libnx.a(fs_dev.o)
 *fill*         0x000000000000c808        0x8 
 .text.fsdev_getfspath
                0x000000000000c810      0x1fc C:/devkitPro/libnx/lib\libnx.a(fs_dev.o)
 *fill*         0x000000000000ca0c        0x4 
 .text.fsdev_rmdir
                0x000000000000ca10       0x70 C:/devkitPro/libnx/lib\libnx.a(fs_dev.o)
 .text.fsdev_statvfs
                0x000000000000ca80       0xd4 C:/devkitPro/libnx/lib\libnx.a(fs_dev.o)
 *fill*         0x000000000000cb54        0xc 
 .text.fsdev_diropen
                0x000000000000cb60       0xec C:/devkitPro/libnx/lib\libnx.a(fs_dev.o)
 *fill*         0x000000000000cc4c        0x4 
 .text.fsdev_mkdir
                0x000000000000cc50       0x70 C:/devkitPro/libnx/lib\libnx.a(fs_dev.o)
 .text.fsdev_rename
                0x000000000000ccc0      0x114 C:/devkitPro/libnx/lib\libnx.a(fs_dev.o)
 *fill*         0x000000000000cdd4        0xc 
 .text.fsdev_chdir
                0x000000000000cde0       0xe8 C:/devkitPro/libnx/lib\libnx.a(fs_dev.o)
 *fill*         0x000000000000cec8        0x8 
 .text.fsdev_unlink
                0x000000000000ced0       0x70 C:/devkitPro/libnx/lib\libnx.a(fs_dev.o)
 .text.fsdev_stat
                0x000000000000cf40      0x168 C:/devkitPro/libnx/lib\libnx.a(fs_dev.o)
 *fill*         0x000000000000d0a8        0x8 
 .text.fsdev_open
                0x000000000000d0b0      0x180 C:/devkitPro/libnx/lib\libnx.a(fs_dev.o)
 .text._fsdevUnmountDeviceStruct.part.4
                0x000000000000d230       0xb8 C:/devkitPro/libnx/lib\libnx.a(fs_dev.o)
 *fill*         0x000000000000d2e8        0x8 
 .text.fsdev_fchmod
                0x000000000000d2f0       0x10 C:/devkitPro/libnx/lib\libnx.a(fs_dev.o)
 .text.fsdevMountSdmc
                0x000000000000d300      0x158 C:/devkitPro/libnx/lib\libnx.a(fs_dev.o)
                0x000000000000d300                fsdevMountSdmc
 *fill*         0x000000000000d458        0x8 
 .text.fsdevUnmountAll
                0x000000000000d460       0x64 C:/devkitPro/libnx/lib\libnx.a(fs_dev.o)
                0x000000000000d460                fsdevUnmountAll
 *fill*         0x000000000000d4c4        0xc 
 .text.ipcCloseObjectById
                0x000000000000d4d0       0x34 C:/devkitPro/libnx/lib\libnx.a(nv.o)
 *fill*         0x000000000000d504        0xc 
 .text.ipcQueryPointerBufferSize.constprop.6
                0x000000000000d510       0xc8 C:/devkitPro/libnx/lib\libnx.a(nv.o)
 *fill*         0x000000000000d5d8        0x8 
 .text._nvSetClientPID
                0x000000000000d5e0       0xd8 C:/devkitPro/libnx/lib\libnx.a(nv.o)
 *fill*         0x000000000000d6b8        0x8 
 .text._nvInitialize.constprop.5
                0x000000000000d6c0       0xf0 C:/devkitPro/libnx/lib\libnx.a(nv.o)
 .text.nvExit   0x000000000000d7b0       0xa8 C:/devkitPro/libnx/lib\libnx.a(nv.o)
                0x000000000000d7b0                nvExit
 *fill*         0x000000000000d858        0x8 
 .text.nvInitialize
                0x000000000000d860      0x1a4 C:/devkitPro/libnx/lib\libnx.a(nv.o)
                0x000000000000d860                nvInitialize
 *fill*         0x000000000000da04        0xc 
 .text.nvConvertError
                0x000000000000da10      0x12c C:/devkitPro/libnx/lib\libnx.a(nv.o)
                0x000000000000da10                nvConvertError
 *fill*         0x000000000000db3c        0x4 
 .text.nvOpen   0x000000000000db40      0x12c C:/devkitPro/libnx/lib\libnx.a(nv.o)
                0x000000000000db40                nvOpen
 *fill*         0x000000000000dc6c        0x4 
 .text.nvIoctl  0x000000000000dc70      0x218 C:/devkitPro/libnx/lib\libnx.a(nv.o)
                0x000000000000dc70                nvIoctl
 *fill*         0x000000000000de88        0x8 
 .text.nvClose  0x000000000000de90       0xdc C:/devkitPro/libnx/lib\libnx.a(nv.o)
                0x000000000000de90                nvClose
 *fill*         0x000000000000df6c        0x4 
 .text.nvQueryEvent
                0x000000000000df70      0x13c C:/devkitPro/libnx/lib\libnx.a(nv.o)
                0x000000000000df70                nvQueryEvent
 *fill*         0x000000000000e0ac        0x4 
 .text.ipcCloseObjectById
                0x000000000000e0b0       0x34 C:/devkitPro/libnx/lib\libnx.a(time.o)
 *fill*         0x000000000000e0e4        0xc 
 .text._timeGetSession
                0x000000000000e0f0      0x12c C:/devkitPro/libnx/lib\libnx.a(time.o)
 *fill*         0x000000000000e21c        0x4 
 .text.timeExit
                0x000000000000e220      0x1ec C:/devkitPro/libnx/lib\libnx.a(time.o)
                0x000000000000e220                timeExit
 *fill*         0x000000000000e40c        0x4 
 .text.timeInitialize
                0x000000000000e410       0xd8 C:/devkitPro/libnx/lib\libnx.a(time.o)
                0x000000000000e410                timeInitialize
 *fill*         0x000000000000e4e8        0x8 
 .text.timeGetCurrentTime
                0x000000000000e4f0      0x124 C:/devkitPro/libnx/lib\libnx.a(time.o)
                0x000000000000e4f0                timeGetCurrentTime
 *fill*         0x000000000000e614        0xc 
 .text.ipcCloseObjectById
                0x000000000000e620       0x34 C:/devkitPro/libnx/lib\libnx.a(vi.o)
 *fill*         0x000000000000e654        0xc 
 .text._viCreatestray_layer.isra.4
                0x000000000000e660      0x130 C:/devkitPro/libnx/lib\libnx.a(vi.o)
 .text._viGetSession.constprop.6
                0x000000000000e790      0x134 C:/devkitPro/libnx/lib\libnx.a(vi.o)
 *fill*         0x000000000000e8c4        0xc 
 .text._viOpenLayer
                0x000000000000e8d0      0x140 C:/devkitPro/libnx/lib\libnx.a(vi.o)
 .text.viExit   0x000000000000ea10      0x1d8 C:/devkitPro/libnx/lib\libnx.a(vi.o)
                0x000000000000ea10                viExit
 *fill*         0x000000000000ebe8        0x8 
 .text.viInitialize
                0x000000000000ebf0      0x26c C:/devkitPro/libnx/lib\libnx.a(vi.o)
                0x000000000000ebf0                viInitialize
 *fill*         0x000000000000ee5c        0x4 
 .text.viGetSession_IHOSBinderDriverRelay
                0x000000000000ee60        0xc C:/devkitPro/libnx/lib\libnx.a(vi.o)
                0x000000000000ee60                viGetSession_IHOSBinderDriverRelay
 *fill*         0x000000000000ee6c        0x4 
 .text.viOpenDisplay
                0x000000000000ee70      0x140 C:/devkitPro/libnx/lib\libnx.a(vi.o)
                0x000000000000ee70                viOpenDisplay
 .text.viCloseDisplay
                0x000000000000efb0       0xf0 C:/devkitPro/libnx/lib\libnx.a(vi.o)
                0x000000000000efb0                viCloseDisplay
 .text.viOpenLayer
                0x000000000000f0a0       0xd0 C:/devkitPro/libnx/lib\libnx.a(vi.o)
                0x000000000000f0a0                viOpenLayer
 .text.viCloseLayer
                0x000000000000f170      0x100 C:/devkitPro/libnx/lib\libnx.a(vi.o)
                0x000000000000f170                viCloseLayer
 .text.viSetLayerScalingMode
                0x000000000000f270       0xe8 C:/devkitPro/libnx/lib\libnx.a(vi.o)
                0x000000000000f270                viSetLayerScalingMode
 *fill*         0x000000000000f358        0x8 
 .text.viGetDisplayVsyncEvent
                0x000000000000f360      0x12c C:/devkitPro/libnx/lib\libnx.a(vi.o)
                0x000000000000f360                viGetDisplayVsyncEvent
 *fill*         0x000000000000f48c        0x4 
 .text.ipcCloseObjectById
                0x000000000000f490       0x34 C:/devkitPro/libnx/lib\libnx.a(fs.o)
 *fill*         0x000000000000f4c4        0xc 
 .text.fsInitialize
                0x000000000000f4d0      0x124 C:/devkitPro/libnx/lib\libnx.a(fs.o)
                0x000000000000f4d0                fsInitialize
 *fill*         0x000000000000f5f4        0xc 
 .text.fsExit   0x000000000000f600       0x9c C:/devkitPro/libnx/lib\libnx.a(fs.o)
                0x000000000000f600                fsExit
 *fill*         0x000000000000f69c        0x4 
 .text.fsMountSdcard
                0x000000000000f6a0      0x134 C:/devkitPro/libnx/lib\libnx.a(fs.o)
                0x000000000000f6a0                fsMountSdcard
 *fill*         0x000000000000f7d4        0xc 
 .text.fsFsCreateFile
                0x000000000000f7e0       0xf4 C:/devkitPro/libnx/lib\libnx.a(fs.o)
                0x000000000000f7e0                fsFsCreateFile
 *fill*         0x000000000000f8d4        0xc 
 .text.fsFsDeleteFile
                0x000000000000f8e0       0xf0 C:/devkitPro/libnx/lib\libnx.a(fs.o)
                0x000000000000f8e0                fsFsDeleteFile
 .text.fsFsCreateDirectory
                0x000000000000f9d0       0xf0 C:/devkitPro/libnx/lib\libnx.a(fs.o)
                0x000000000000f9d0                fsFsCreateDirectory
 .text.fsFsDeleteDirectory
                0x000000000000fac0       0xf0 C:/devkitPro/libnx/lib\libnx.a(fs.o)
                0x000000000000fac0                fsFsDeleteDirectory
 .text.fsFsRenameFile
                0x000000000000fbb0      0x11c C:/devkitPro/libnx/lib\libnx.a(fs.o)
                0x000000000000fbb0                fsFsRenameFile
 *fill*         0x000000000000fccc        0x4 
 .text.fsFsRenameDirectory
                0x000000000000fcd0      0x11c C:/devkitPro/libnx/lib\libnx.a(fs.o)
                0x000000000000fcd0                fsFsRenameDirectory
 *fill*         0x000000000000fdec        0x4 
 .text.fsFsGetEntryType
                0x000000000000fdf0      0x104 C:/devkitPro/libnx/lib\libnx.a(fs.o)
                0x000000000000fdf0                fsFsGetEntryType
 *fill*         0x000000000000fef4        0xc 
 .text.fsFsOpenFile
                0x000000000000ff00      0x154 C:/devkitPro/libnx/lib\libnx.a(fs.o)
                0x000000000000ff00                fsFsOpenFile
 *fill*         0x0000000000010054        0xc 
 .text.fsFsOpenDirectory
                0x0000000000010060      0x14c C:/devkitPro/libnx/lib\libnx.a(fs.o)
                0x0000000000010060                fsFsOpenDirectory
 *fill*         0x00000000000101ac        0x4 
 .text.fsFsGetFreeSpace
                0x00000000000101b0      0x104 C:/devkitPro/libnx/lib\libnx.a(fs.o)
                0x00000000000101b0                fsFsGetFreeSpace
 *fill*         0x00000000000102b4        0xc 
 .text.fsFsGetTotalSpace
                0x00000000000102c0      0x104 C:/devkitPro/libnx/lib\libnx.a(fs.o)
                0x00000000000102c0                fsFsGetTotalSpace
 *fill*         0x00000000000103c4        0xc 
 .text.fsFsClose
                0x00000000000103d0       0x6c C:/devkitPro/libnx/lib\libnx.a(fs.o)
                0x00000000000103d0                fsFsClose
 *fill*         0x000000000001043c        0x4 
 .text.fsFileRead
                0x0000000000010440      0x108 C:/devkitPro/libnx/lib\libnx.a(fs.o)
                0x0000000000010440                fsFileRead
 *fill*         0x0000000000010548        0x8 
 .text.fsFileWrite
                0x0000000000010550       0xf8 C:/devkitPro/libnx/lib\libnx.a(fs.o)
                0x0000000000010550                fsFileWrite
 *fill*         0x0000000000010648        0x8 
 .text.fsFileFlush
                0x0000000000010650       0xc8 C:/devkitPro/libnx/lib\libnx.a(fs.o)
                0x0000000000010650                fsFileFlush
 *fill*         0x0000000000010718        0x8 
 .text.fsFileSetSize
                0x0000000000010720       0xc8 C:/devkitPro/libnx/lib\libnx.a(fs.o)
                0x0000000000010720                fsFileSetSize
 *fill*         0x00000000000107e8        0x8 
 .text.fsFileGetSize
                0x00000000000107f0       0xec C:/devkitPro/libnx/lib\libnx.a(fs.o)
                0x00000000000107f0                fsFileGetSize
 *fill*         0x00000000000108dc        0x4 
 .text.fsFileClose
                0x00000000000108e0       0x6c C:/devkitPro/libnx/lib\libnx.a(fs.o)
                0x00000000000108e0                fsFileClose
 *fill*         0x000000000001094c        0x4 
 .text.fsDirClose
                0x0000000000010950       0x6c C:/devkitPro/libnx/lib\libnx.a(fs.o)
                0x0000000000010950                fsDirClose
 *fill*         0x00000000000109bc        0x4 
 .text.fsDirRead
                0x00000000000109c0      0x110 C:/devkitPro/libnx/lib\libnx.a(fs.o)
                0x00000000000109c0                fsDirRead
 .text.bufferProducerInitialize
                0x0000000000010ad0       0x10 C:/devkitPro/libnx/lib\libnx.a(buffer_producer.o)
                0x0000000000010ad0                bufferProducerInitialize
 .text.bufferProducerExit
                0x0000000000010ae0        0xc C:/devkitPro/libnx/lib\libnx.a(buffer_producer.o)
                0x0000000000010ae0                bufferProducerExit
 *fill*         0x0000000000010aec        0x4 
 .text.bufferProducerRequestBuffer
                0x0000000000010af0      0x11c C:/devkitPro/libnx/lib\libnx.a(buffer_producer.o)
                0x0000000000010af0                bufferProducerRequestBuffer
 *fill*         0x0000000000010c0c        0x4 
 .text.bufferProducerDequeueBuffer
                0x0000000000010c10      0x198 C:/devkitPro/libnx/lib\libnx.a(buffer_producer.o)
                0x0000000000010c10                bufferProducerDequeueBuffer
 *fill*         0x0000000000010da8        0x8 
 .text.bufferProducerDetachBuffer
                0x0000000000010db0       0x94 C:/devkitPro/libnx/lib\libnx.a(buffer_producer.o)
                0x0000000000010db0                bufferProducerDetachBuffer
 *fill*         0x0000000000010e44        0xc 
 .text.bufferProducerQueueBuffer
                0x0000000000010e50      0x108 C:/devkitPro/libnx/lib\libnx.a(buffer_producer.o)
                0x0000000000010e50                bufferProducerQueueBuffer
 *fill*         0x0000000000010f58        0x8 
 .text.bufferProducerQuery
                0x0000000000010f60       0xdc C:/devkitPro/libnx/lib\libnx.a(buffer_producer.o)
                0x0000000000010f60                bufferProducerQuery
 *fill*         0x000000000001103c        0x4 
 .text.bufferProducerConnect
                0x0000000000011040      0x110 C:/devkitPro/libnx/lib\libnx.a(buffer_producer.o)
                0x0000000000011040                bufferProducerConnect
 .text.bufferProducerDisconnect
                0x0000000000011150       0x94 C:/devkitPro/libnx/lib\libnx.a(buffer_producer.o)
                0x0000000000011150                bufferProducerDisconnect
 *fill*         0x00000000000111e4        0xc 
 .text.bufferProducerGraphicBufferInit
                0x00000000000111f0      0x100 C:/devkitPro/libnx/lib\libnx.a(buffer_producer.o)
                0x00000000000111f0                bufferProducerGraphicBufferInit
 .text._binderTransactParcelAuto
                0x00000000000112f0      0x248 C:/devkitPro/libnx/lib\libnx.a(binder.o)
 *fill*         0x0000000000011538        0x8 
 .text.ipcQueryPointerBufferSize
                0x0000000000011540       0xc8 C:/devkitPro/libnx/lib\libnx.a(binder.o)
 *fill*         0x0000000000011608        0x8 
 .text._binderTransactParcel
                0x0000000000011610      0x138 C:/devkitPro/libnx/lib\libnx.a(binder.o)
 *fill*         0x0000000000011748        0x8 
 .text.binderCreateSession
                0x0000000000011750       0x18 C:/devkitPro/libnx/lib\libnx.a(binder.o)
                0x0000000000011750                binderCreateSession
 *fill*         0x0000000000011768        0x8 
 .text.binderTransactParcel
                0x0000000000011770       0x10 C:/devkitPro/libnx/lib\libnx.a(binder.o)
                0x0000000000011770                binderTransactParcel
 .text.binderAdjustRefcount
                0x0000000000011780       0xe4 C:/devkitPro/libnx/lib\libnx.a(binder.o)
                0x0000000000011780                binderAdjustRefcount
 *fill*         0x0000000000011864        0xc 
 .text.binderExitSession
                0x0000000000011870       0x68 C:/devkitPro/libnx/lib\libnx.a(binder.o)
                0x0000000000011870                binderExitSession
 *fill*         0x00000000000118d8        0x8 
 .text.binderGetNativeHandle
                0x00000000000118e0      0x13c C:/devkitPro/libnx/lib\libnx.a(binder.o)
                0x00000000000118e0                binderGetNativeHandle
 *fill*         0x0000000000011a1c        0x4 
 .text.binderInitSession
                0x0000000000011a20      0x120 C:/devkitPro/libnx/lib\libnx.a(binder.o)
                0x0000000000011a20                binderInitSession
 .text.parcelInitialize
                0x0000000000011b40       0x28 C:/devkitPro/libnx/lib\libnx.a(parcel.o)
                0x0000000000011b40                parcelInitialize
 *fill*         0x0000000000011b68        0x8 
 .text.parcelTransact
                0x0000000000011b70      0x190 C:/devkitPro/libnx/lib\libnx.a(parcel.o)
                0x0000000000011b70                parcelTransact
 .text.parcelWriteData
                0x0000000000011d00       0x88 C:/devkitPro/libnx/lib\libnx.a(parcel.o)
                0x0000000000011d00                parcelWriteData
 *fill*         0x0000000000011d88        0x8 
 .text.parcelReadData
                0x0000000000011d90       0x98 C:/devkitPro/libnx/lib\libnx.a(parcel.o)
                0x0000000000011d90                parcelReadData
 *fill*         0x0000000000011e28        0x8 
 .text.parcelWriteInt32
                0x0000000000011e30       0x20 C:/devkitPro/libnx/lib\libnx.a(parcel.o)
                0x0000000000011e30                parcelWriteInt32
 .text.parcelWriteUInt32
                0x0000000000011e50       0x20 C:/devkitPro/libnx/lib\libnx.a(parcel.o)
                0x0000000000011e50                parcelWriteUInt32
 .text.parcelWriteString16
                0x0000000000011e70       0x80 C:/devkitPro/libnx/lib\libnx.a(parcel.o)
                0x0000000000011e70                parcelWriteString16
 .text.parcelWriteInterfaceToken
                0x0000000000011ef0       0x30 C:/devkitPro/libnx/lib\libnx.a(parcel.o)
                0x0000000000011ef0                parcelWriteInterfaceToken
 .text.parcelReadInt32
                0x0000000000011f20       0x24 C:/devkitPro/libnx/lib\libnx.a(parcel.o)
                0x0000000000011f20                parcelReadInt32
 *fill*         0x0000000000011f44        0xc 
 .text.parcelReadFlattenedObject
                0x0000000000011f50       0x68 C:/devkitPro/libnx/lib\libnx.a(parcel.o)
                0x0000000000011f50                parcelReadFlattenedObject
 *fill*         0x0000000000011fb8        0x8 
 .text.parcelWriteFlattenedObject
                0x0000000000011fc0       0x44 C:/devkitPro/libnx/lib\libnx.a(parcel.o)
                0x0000000000011fc0                parcelWriteFlattenedObject
 *fill*         0x0000000000012004        0xc 
 .text.decode_utf8
                0x0000000000012010      0x12c C:/devkitPro/libnx/lib\libnx.a(decode_utf8.o)
                0x0000000000012010                decode_utf8
 .text.__aarch64_read_tp
                0x000000000001213c        0xc C:/devkitPro/libnx/lib\libnx.a(readtp.o)
                0x000000000001213c                __aarch64_read_tp
 *fill*         0x0000000000012148        0x8 
 .text.nxlinkSetup
                0x0000000000012150       0xc4 C:/devkitPro/libnx/lib\libnx.a(nxlink.o)
                0x0000000000012150                nxlinkSetup
 *fill*         0x0000000000012214        0xc 
 .text.tmemCreate
                0x0000000000012220       0x7c C:/devkitPro/libnx/lib\libnx.a(tmem.o)
                0x0000000000012220                tmemCreate
 *fill*         0x000000000001229c        0x4 
 .text.tmemUnmap
                0x00000000000122a0       0x58 C:/devkitPro/libnx/lib\libnx.a(tmem.o)
                0x00000000000122a0                tmemUnmap
 *fill*         0x00000000000122f8        0x8 
 .text.tmemClose
                0x0000000000012300       0x68 C:/devkitPro/libnx/lib\libnx.a(tmem.o)
                0x0000000000012300                tmemClose
 .text.bsearch  0x0000000000012368       0xb8 c:/devkitpro/devkita64/bin/../lib/gcc/aarch64-none-elf/8.2.0/../../../../aarch64-none-elf/lib/pic\libg.a(lib_a-bsearch.o)
                0x0000000000012368                bsearch
 .text.__errno  0x0000000000012420       0x14 c:/devkitpro/devkita64/bin/../lib/gcc/aarch64-none-elf/8.2.0/../../../../aarch64-none-elf/lib/pic\libg.a(lib_a-errno.o)
                0x0000000000012420                __errno
 *fill*         0x0000000000012434        0x4 
 .text.__libc_fini_array
                0x0000000000012438       0x44 c:/devkitpro/devkita64/bin/../lib/gcc/aarch64-none-elf/8.2.0/../../../../aarch64-none-elf/lib/pic\libg.a(lib_a-fini.o)
                0x0000000000012438                __libc_fini_array
 *fill*         0x000000000001247c        0x4 
 .text.__libc_init_array
                0x0000000000012480       0x8c c:/devkitpro/devkita64/bin/../lib/gcc/aarch64-none-elf/8.2.0/../../../../aarch64-none-elf/lib/pic\libg.a(lib_a-init.o)
                0x0000000000012480                __libc_init_array
 *fill*         0x000000000001250c        0x4 
 .text.__locale_mb_cur_max
                0x0000000000012510       0x2c c:/devkitpro/devkita64/bin/../lib/gcc/aarch64-none-elf/8.2.0/../../../../aarch64-none-elf/lib/pic\libg.a(lib_a-locale.o)
                0x0000000000012510                __locale_mb_cur_max
 *fill*         0x000000000001253c        0x4 
 .text.__locale_ctype_ptr_l
                0x0000000000012540        0x8 c:/devkitpro/devkita64/bin/../lib/gcc/aarch64-none-elf/8.2.0/../../../../aarch64-none-elf/lib/pic\libg.a(lib_a-locale.o)
                0x0000000000012540                __locale_ctype_ptr_l
 .text.__locale_ctype_ptr
                0x0000000000012548       0x2c c:/devkitpro/devkita64/bin/../lib/gcc/aarch64-none-elf/8.2.0/../../../../aarch64-none-elf/lib/pic\libg.a(lib_a-locale.o)
                0x0000000000012548                __locale_ctype_ptr
 *fill*         0x0000000000012574        0x4 
 .text.memalign
                0x0000000000012578       0x30 c:/devkitpro/devkita64/bin/../lib/gcc/aarch64-none-elf/8.2.0/../../../../aarch64-none-elf/lib/pic\libg.a(lib_a-malign.o)
                0x0000000000012578                memalign
 .text._memalign_r
                0x00000000000125a8      0x198 c:/devkitpro/devkita64/bin/../lib/gcc/aarch64-none-elf/8.2.0/../../../../aarch64-none-elf/lib/pic\libg.a(lib_a-malignr.o)
                0x00000000000125a8                _memalign_r
 .text.malloc   0x0000000000012740       0x1c c:/devkitpro/devkita64/bin/../lib/gcc/aarch64-none-elf/8.2.0/../../../../aarch64-none-elf/lib/pic\libg.a(lib_a-malloc.o)
                0x0000000000012740                malloc
 *fill*         0x000000000001275c        0x4 
 .text.free     0x0000000000012760       0x1c c:/devkitpro/devkita64/bin/../lib/gcc/aarch64-none-elf/8.2.0/../../../../aarch64-none-elf/lib/pic\libg.a(lib_a-malloc.o)
                0x0000000000012760                free
 *fill*         0x000000000001277c        0x4 
 .text._malloc_r
                0x0000000000012780      0x844 c:/devkitpro/devkita64/bin/../lib/gcc/aarch64-none-elf/8.2.0/../../../../aarch64-none-elf/lib/pic\libg.a(lib_a-mallocr.o)
                0x0000000000012780                _malloc_r
 *fill*         0x0000000000012fc4        0x4 
 .text.__utf8_mbtowc
                0x0000000000012fc8      0x2c8 c:/devkitpro/devkita64/bin/../lib/gcc/aarch64-none-elf/8.2.0/../../../../aarch64-none-elf/lib/pic\libg.a(lib_a-mbtowc_r.o)
                0x0000000000012fc8                __utf8_mbtowc
 .text          0x0000000000013290       0xd8 c:/devkitpro/devkita64/bin/../lib/gcc/aarch64-none-elf/8.2.0/../../../../aarch64-none-elf/lib/pic\libg.a(lib_a-memchr.o)
                0x0000000000013290                memchr
 *fill*         0x0000000000013368       0x18 
 .text          0x0000000000013380      0x16c c:/devkitpro/devkita64/bin/../lib/gcc/aarch64-none-elf/8.2.0/../../../../aarch64-none-elf/lib/pic\libg.a(lib_a-memcpy.o)
                0x0000000000013380                memcpy
 *fill*         0x00000000000134ec       0x14 
 .text          0x0000000000013500      0x1d8 c:/devkitpro/devkita64/bin/../lib/gcc/aarch64-none-elf/8.2.0/../../../../aarch64-none-elf/lib/pic\libg.a(lib_a-memset.o)
                0x0000000000013500                memset
 .text.__malloc_lock
                0x00000000000136d8        0xc c:/devkitpro/devkita64/bin/../lib/gcc/aarch64-none-elf/8.2.0/../../../../aarch64-none-elf/lib/pic\libg.a(lib_a-mlock.o)
                0x00000000000136d8                __malloc_lock
 *fill*         0x00000000000136e4        0x4 
 .text.__malloc_unlock
                0x00000000000136e8        0xc c:/devkitpro/devkita64/bin/../lib/gcc/aarch64-none-elf/8.2.0/../../../../aarch64-none-elf/lib/pic\libg.a(lib_a-mlock.o)
                0x00000000000136e8                __malloc_unlock
 *fill*         0x00000000000136f4        0x4 
 .text.printf   0x00000000000136f8       0x8c c:/devkitpro/devkita64/bin/../lib/gcc/aarch64-none-elf/8.2.0/../../../../aarch64-none-elf/lib/pic\libg.a(lib_a-printf.o)
                0x00000000000136f8                printf
 *fill*         0x0000000000013784        0x4 
 .text.srand    0x0000000000013788       0x24 c:/devkitpro/devkita64/bin/../lib/gcc/aarch64-none-elf/8.2.0/../../../../aarch64-none-elf/lib/pic\libg.a(lib_a-rand.o)
                0x0000000000013788                srand
 *fill*         0x00000000000137ac        0x4 
 .text.rand     0x00000000000137b0       0x38 c:/devkitpro/devkita64/bin/../lib/gcc/aarch64-none-elf/8.2.0/../../../../aarch64-none-elf/lib/pic\libg.a(lib_a-rand.o)
                0x00000000000137b0                rand
 .text.setvbuf  0x00000000000137e8      0x25c c:/devkitpro/devkita64/bin/../lib/gcc/aarch64-none-elf/8.2.0/../../../../aarch64-none-elf/lib/pic\libg.a(lib_a-setvbuf.o)
                0x00000000000137e8                setvbuf
 *fill*         0x0000000000013a44        0x4 
 .text.sscanf   0x0000000000013a48       0xbc c:/devkitpro/devkita64/bin/../lib/gcc/aarch64-none-elf/8.2.0/../../../../aarch64-none-elf/lib/pic\libg.a(lib_a-sscanf.o)
                0x0000000000013a48                sscanf
 *fill*         0x0000000000013b04        0x4 
 .text.__sread  0x0000000000013b08       0x50 c:/devkitpro/devkita64/bin/../lib/gcc/aarch64-none-elf/8.2.0/../../../../aarch64-none-elf/lib/pic\libg.a(lib_a-stdio.o)
                0x0000000000013b08                __sread
 .text.__seofread
                0x0000000000013b58        0x8 c:/devkitpro/devkita64/bin/../lib/gcc/aarch64-none-elf/8.2.0/../../../../aarch64-none-elf/lib/pic\libg.a(lib_a-stdio.o)
                0x0000000000013b58                __seofread
 .text.__swrite
                0x0000000000013b60       0x6c c:/devkitpro/devkita64/bin/../lib/gcc/aarch64-none-elf/8.2.0/../../../../aarch64-none-elf/lib/pic\libg.a(lib_a-stdio.o)
                0x0000000000013b60                __swrite
 *fill*         0x0000000000013bcc        0x4 
 .text.__sseek  0x0000000000013bd0       0x50 c:/devkitpro/devkita64/bin/../lib/gcc/aarch64-none-elf/8.2.0/../../../../aarch64-none-elf/lib/pic\libg.a(lib_a-stdio.o)
                0x0000000000013bd0                __sseek
 .text.__sclose
                0x0000000000013c20        0x8 c:/devkitpro/devkita64/bin/../lib/gcc/aarch64-none-elf/8.2.0/../../../../aarch64-none-elf/lib/pic\libg.a(lib_a-stdio.o)
                0x0000000000013c20                __sclose
 .text          0x0000000000013c28       0xdc c:/devkitpro/devkita64/bin/../lib/gcc/aarch64-none-elf/8.2.0/../../../../aarch64-none-elf/lib/pic\libg.a(lib_a-strchr.o)
                0x0000000000013c28                strchr
 *fill*         0x0000000000013d04       0x3c 
 .text          0x0000000000013d40       0xa4 c:/devkitpro/devkita64/bin/../lib/gcc/aarch64-none-elf/8.2.0/../../../../aarch64-none-elf/lib/pic\libg.a(lib_a-strcmp.o)
                0x0000000000013d40                strcmp
 *fill*         0x0000000000013de4       0x1c 
 .text          0x0000000000013e00      0x140 c:/devkitpro/devkita64/bin/../lib/gcc/aarch64-none-elf/8.2.0/../../../../aarch64-none-elf/lib/pic\libg.a(lib_a-strlen.o)
                0x0000000000013e00                strlen
 .text.strncat  0x0000000000013f40       0x84 c:/devkitpro/devkita64/bin/../lib/gcc/aarch64-none-elf/8.2.0/../../../../aarch64-none-elf/lib/pic\libg.a(lib_a-strncat.o)
                0x0000000000013f40                strncat
 *fill*         0x0000000000013fc4       0x3c 
 .text          0x0000000000014000      0x124 c:/devkitpro/devkita64/bin/../lib/gcc/aarch64-none-elf/8.2.0/../../../../aarch64-none-elf/lib/pic\libg.a(lib_a-strncmp.o)
                0x000000000001401c                strncmp
 *fill*         0x0000000000014124        0x4 
 .text.strncpy  0x0000000000014128       0xa8 c:/devkitpro/devkita64/bin/../lib/gcc/aarch64-none-elf/8.2.0/../../../../aarch64-none-elf/lib/pic\libg.a(lib_a-strncpy.o)
                0x0000000000014128                strncpy
 *fill*         0x00000000000141d0       0x30 
 .text          0x0000000000014200       0xe0 c:/devkitpro/devkita64/bin/../lib/gcc/aarch64-none-elf/8.2.0/../../../../aarch64-none-elf/lib/pic\libg.a(lib_a-strnlen.o)
                0x0000000000014224                strnlen
 .text._strtol_l.isra.0
                0x00000000000142e0      0x1d0 c:/devkitpro/devkita64/bin/../lib/gcc/aarch64-none-elf/8.2.0/../../../../aarch64-none-elf/lib/pic\libg.a(lib_a-strtol.o)
 .text._strtol_r
                0x00000000000144b0       0x48 c:/devkitpro/devkita64/bin/../lib/gcc/aarch64-none-elf/8.2.0/../../../../aarch64-none-elf/lib/pic\libg.a(lib_a-strtol.o)
                0x00000000000144b0                _strtol_r
 .text._strtoul_l.isra.0
                0x00000000000144f8      0x1e0 c:/devkitpro/devkita64/bin/../lib/gcc/aarch64-none-elf/8.2.0/../../../../aarch64-none-elf/lib/pic\libg.a(lib_a-strtoul.o)
 .text._strtoul_r
                0x00000000000146d8       0x48 c:/devkitpro/devkita64/bin/../lib/gcc/aarch64-none-elf/8.2.0/../../../../aarch64-none-elf/lib/pic\libg.a(lib_a-strtoul.o)
                0x00000000000146d8                _strtoul_r
 .text.strtoul  0x0000000000014720       0x5c c:/devkitpro/devkita64/bin/../lib/gcc/aarch64-none-elf/8.2.0/../../../../aarch64-none-elf/lib/pic\libg.a(lib_a-strtoul.o)
                0x0000000000014720                strtoul
 .text.get_arg  0x000000000001477c       0x5c c:/devkitpro/devkita64/bin/../lib/gcc/aarch64-none-elf/8.2.0/../../../../aarch64-none-elf/lib/pic\libg.a(lib_a-svfscanf.o)
 .text.__ssvfscanf_r
                0x00000000000147d8     0x2f48 c:/devkitpro/devkita64/bin/../lib/gcc/aarch64-none-elf/8.2.0/../../../../aarch64-none-elf/lib/pic\libg.a(lib_a-svfscanf.o)
                0x00000000000147d8                __ssvfscanf_r
 .text.time     0x0000000000017720       0x40 c:/devkitpro/devkita64/bin/../lib/gcc/aarch64-none-elf/8.2.0/../../../../aarch64-none-elf/lib/pic\libg.a(lib_a-time.o)
                0x0000000000017720                time
 .text.__sprint_r
                0x0000000000017760       0x3c c:/devkitpro/devkita64/bin/../lib/gcc/aarch64-none-elf/8.2.0/../../../../aarch64-none-elf/lib/pic\libg.a(lib_a-vfiprintf.o)
                0x0000000000017760                __sprint_r
 .text.get_arg  0x000000000001779c      0x76c c:/devkitpro/devkita64/bin/../lib/gcc/aarch64-none-elf/8.2.0/../../../../aarch64-none-elf/lib/pic\libg.a(lib_a-vfprintf.o)
 .text._vfprintf_r
                0x0000000000017f08     0x3bfc c:/devkitpro/devkita64/bin/../lib/gcc/aarch64-none-elf/8.2.0/../../../../aarch64-none-elf/lib/pic\libg.a(lib_a-vfprintf.o)
                0x0000000000017f08                _vfprintf_r
 .text.__sbprintf
                0x000000000001bb04       0xec c:/devkitpro/devkita64/bin/../lib/gcc/aarch64-none-elf/8.2.0/../../../../aarch64-none-elf/lib/pic\libg.a(lib_a-vfprintf.o)
 .text._wcrtomb_r
                0x000000000001bbf0       0xd0 c:/devkitpro/devkita64/bin/../lib/gcc/aarch64-none-elf/8.2.0/../../../../aarch64-none-elf/lib/pic\libg.a(lib_a-wcrtomb.o)
                0x000000000001bbf0                _wcrtomb_r
 .text._wcsrtombs_r
                0x000000000001bcc0       0x10 c:/devkitpro/devkita64/bin/../lib/gcc/aarch64-none-elf/8.2.0/../../../../aarch64-none-elf/lib/pic\libg.a(lib_a-wcsrtombs.o)
                0x000000000001bcc0                _wcsrtombs_r
 .text.__utf8_wctomb
                0x000000000001bcd0       0xe4 c:/devkitpro/devkita64/bin/../lib/gcc/aarch64-none-elf/8.2.0/../../../../aarch64-none-elf/lib/pic\libg.a(lib_a-wctomb_r.o)
                0x000000000001bcd0                __utf8_wctomb
 *fill*         0x000000000001bdb4        0x4 
 .text.__swsetup_r
                0x000000000001bdb8      0x140 c:/devkitpro/devkita64/bin/../lib/gcc/aarch64-none-elf/8.2.0/../../../../aarch64-none-elf/lib/pic\libg.a(lib_a-wsetup.o)
                0x000000000001bdb8                __swsetup_r
 .text.__call_exitprocs
                0x000000000001bef8      0x17c c:/devkitpro/devkita64/bin/../lib/gcc/aarch64-none-elf/8.2.0/../../../../aarch64-none-elf/lib/pic\libg.a(lib_a-__call_atexit.o)
                0x000000000001bef8                __call_exitprocs
 *fill*         0x000000000001c074        0x4 
 .text.quorem   0x000000000001c078      0x1a8 c:/devkitpro/devkita64/bin/../lib/gcc/aarch64-none-elf/8.2.0/../../../../aarch64-none-elf/lib/pic\libg.a(lib_a-dtoa.o)
 .text._dtoa_r  0x000000000001c220     0x10dc c:/devkitpro/devkita64/bin/../lib/gcc/aarch64-none-elf/8.2.0/../../../../aarch64-none-elf/lib/pic\libg.a(lib_a-dtoa.o)
                0x000000000001c220                _dtoa_r
 *fill*         0x000000000001d2fc        0x4 
 .text.__sflush_r
                0x000000000001d300      0x214 c:/devkitpro/devkita64/bin/../lib/gcc/aarch64-none-elf/8.2.0/../../../../aarch64-none-elf/lib/pic\libg.a(lib_a-fflush.o)
                0x000000000001d300                __sflush_r
 *fill*         0x000000000001d514        0x4 
 .text._fflush_r
                0x000000000001d518       0xb8 c:/devkitpro/devkita64/bin/../lib/gcc/aarch64-none-elf/8.2.0/../../../../aarch64-none-elf/lib/pic\libg.a(lib_a-fflush.o)
                0x000000000001d518                _fflush_r
 .text.std      0x000000000001d5d0       0x78 c:/devkitpro/devkita64/bin/../lib/gcc/aarch64-none-elf/8.2.0/../../../../aarch64-none-elf/lib/pic\libg.a(lib_a-findfp.o)
 .text._cleanup_r
                0x000000000001d648        0xc c:/devkitpro/devkita64/bin/../lib/gcc/aarch64-none-elf/8.2.0/../../../../aarch64-none-elf/lib/pic\libg.a(lib_a-findfp.o)
                0x000000000001d648                _cleanup_r
 *fill*         0x000000000001d654        0x4 
 .text.__sfp_lock_acquire
                0x000000000001d658        0xc c:/devkitpro/devkita64/bin/../lib/gcc/aarch64-none-elf/8.2.0/../../../../aarch64-none-elf/lib/pic\libg.a(lib_a-findfp.o)
                0x000000000001d658                __sfp_lock_acquire
 *fill*         0x000000000001d664        0x4 
 .text.__sfp_lock_release
                0x000000000001d668        0xc c:/devkitpro/devkita64/bin/../lib/gcc/aarch64-none-elf/8.2.0/../../../../aarch64-none-elf/lib/pic\libg.a(lib_a-findfp.o)
                0x000000000001d668                __sfp_lock_release
 *fill*         0x000000000001d674        0x4 
 .text.__sinit_lock_acquire
                0x000000000001d678        0xc c:/devkitpro/devkita64/bin/../lib/gcc/aarch64-none-elf/8.2.0/../../../../aarch64-none-elf/lib/pic\libg.a(lib_a-findfp.o)
                0x000000000001d678                __sinit_lock_acquire
 *fill*         0x000000000001d684        0x4 
 .text.__sinit_lock_release
                0x000000000001d688        0xc c:/devkitpro/devkita64/bin/../lib/gcc/aarch64-none-elf/8.2.0/../../../../aarch64-none-elf/lib/pic\libg.a(lib_a-findfp.o)
                0x000000000001d688                __sinit_lock_release
 *fill*         0x000000000001d694        0x4 
 .text.__sinit  0x000000000001d698       0x80 c:/devkitpro/devkita64/bin/../lib/gcc/aarch64-none-elf/8.2.0/../../../../aarch64-none-elf/lib/pic\libg.a(lib_a-findfp.o)
                0x000000000001d698                __sinit
 .text._malloc_trim_r
                0x000000000001d718      0x118 c:/devkitpro/devkita64/bin/../lib/gcc/aarch64-none-elf/8.2.0/../../../../aarch64-none-elf/lib/pic\libg.a(lib_a-freer.o)
                0x000000000001d718                _malloc_trim_r
 .text._free_r  0x000000000001d830      0x2f4 c:/devkitpro/devkita64/bin/../lib/gcc/aarch64-none-elf/8.2.0/../../../../aarch64-none-elf/lib/pic\libg.a(lib_a-freer.o)
                0x000000000001d830                _free_r
 *fill*         0x000000000001db24        0x4 
 .text.__sfvwrite_r
                0x000000000001db28      0x4b8 c:/devkitpro/devkita64/bin/../lib/gcc/aarch64-none-elf/8.2.0/../../../../aarch64-none-elf/lib/pic\libg.a(lib_a-fvwrite.o)
                0x000000000001db28                __sfvwrite_r
 .text._fwalk_reent
                0x000000000001dfe0       0xbc c:/devkitpro/devkita64/bin/../lib/gcc/aarch64-none-elf/8.2.0/../../../../aarch64-none-elf/lib/pic\libg.a(lib_a-fwalk.o)
                0x000000000001dfe0                _fwalk_reent
 *fill*         0x000000000001e09c        0x4 
 .text.iswspace
                0x000000000001e0a0       0x84 c:/devkitpro/devkita64/bin/../lib/gcc/aarch64-none-elf/8.2.0/../../../../aarch64-none-elf/lib/pic\libg.a(lib_a-iswspace.o)
                0x000000000001e0a0                iswspace
 *fill*         0x000000000001e124        0x4 
 .text.__jp2uc  0x000000000001e128      0x244 c:/devkitpro/devkita64/bin/../lib/gcc/aarch64-none-elf/8.2.0/../../../../aarch64-none-elf/lib/pic\libg.a(lib_a-jp2uc.o)
 *fill*         0x000000000001e36c        0x4 
 .text._jp2uc   0x000000000001e370       0xd0 c:/devkitpro/devkita64/bin/../lib/gcc/aarch64-none-elf/8.2.0/../../../../aarch64-none-elf/lib/pic\libg.a(lib_a-jp2uc.o)
                0x000000000001e370                _jp2uc
 .text.__localeconv_l
                0x000000000001e440        0x8 c:/devkitpro/devkita64/bin/../lib/gcc/aarch64-none-elf/8.2.0/../../../../aarch64-none-elf/lib/pic\libg.a(lib_a-localeconv.o)
                0x000000000001e440                __localeconv_l
 .text._localeconv_r
                0x000000000001e448       0x28 c:/devkitpro/devkita64/bin/../lib/gcc/aarch64-none-elf/8.2.0/../../../../aarch64-none-elf/lib/pic\libg.a(lib_a-localeconv.o)
                0x000000000001e448                _localeconv_r
 .text.__swhatbuf_r
                0x000000000001e470       0xa4 c:/devkitpro/devkita64/bin/../lib/gcc/aarch64-none-elf/8.2.0/../../../../aarch64-none-elf/lib/pic\libg.a(lib_a-makebuf.o)
                0x000000000001e470                __swhatbuf_r
 *fill*         0x000000000001e514        0x4 
 .text.__smakebuf_r
                0x000000000001e518      0x10c c:/devkitpro/devkita64/bin/../lib/gcc/aarch64-none-elf/8.2.0/../../../../aarch64-none-elf/lib/pic\libg.a(lib_a-makebuf.o)
                0x000000000001e518                __smakebuf_r
 *fill*         0x000000000001e624        0x4 
 .text._mbrtowc_r
                0x000000000001e628       0xd8 c:/devkitpro/devkita64/bin/../lib/gcc/aarch64-none-elf/8.2.0/../../../../aarch64-none-elf/lib/pic\libg.a(lib_a-mbrtowc.o)
                0x000000000001e628                _mbrtowc_r
 .text          0x000000000001e700       0xac c:/devkitpro/devkita64/bin/../lib/gcc/aarch64-none-elf/8.2.0/../../../../aarch64-none-elf/lib/pic\libg.a(lib_a-memmove.o)
                0x000000000001e700                memmove
 *fill*         0x000000000001e7ac        0x4 
 .text._Balloc  0x000000000001e7b0       0x90 c:/devkitpro/devkita64/bin/../lib/gcc/aarch64-none-elf/8.2.0/../../../../aarch64-none-elf/lib/pic\libg.a(lib_a-mprec.o)
                0x000000000001e7b0                _Balloc
 .text._Bfree   0x000000000001e840       0x1c c:/devkitpro/devkita64/bin/../lib/gcc/aarch64-none-elf/8.2.0/../../../../aarch64-none-elf/lib/pic\libg.a(lib_a-mprec.o)
                0x000000000001e840                _Bfree
 *fill*         0x000000000001e85c        0x4 
 .text.__multadd
                0x000000000001e860       0xe8 c:/devkitpro/devkita64/bin/../lib/gcc/aarch64-none-elf/8.2.0/../../../../aarch64-none-elf/lib/pic\libg.a(lib_a-mprec.o)
                0x000000000001e860                __multadd
 .text.__s2b    0x000000000001e948      0x120 c:/devkitpro/devkita64/bin/../lib/gcc/aarch64-none-elf/8.2.0/../../../../aarch64-none-elf/lib/pic\libg.a(lib_a-mprec.o)
                0x000000000001e948                __s2b
 .text.__hi0bits
                0x000000000001ea68       0x5c c:/devkitpro/devkita64/bin/../lib/gcc/aarch64-none-elf/8.2.0/../../../../aarch64-none-elf/lib/pic\libg.a(lib_a-mprec.o)
                0x000000000001ea68                __hi0bits
 *fill*         0x000000000001eac4        0x4 
 .text.__lo0bits
                0x000000000001eac8       0xa0 c:/devkitpro/devkita64/bin/../lib/gcc/aarch64-none-elf/8.2.0/../../../../aarch64-none-elf/lib/pic\libg.a(lib_a-mprec.o)
                0x000000000001eac8                __lo0bits
 .text.__i2b    0x000000000001eb68       0x2c c:/devkitpro/devkita64/bin/../lib/gcc/aarch64-none-elf/8.2.0/../../../../aarch64-none-elf/lib/pic\libg.a(lib_a-mprec.o)
                0x000000000001eb68                __i2b
 *fill*         0x000000000001eb94        0x4 
 .text.__multiply
                0x000000000001eb98      0x1c8 c:/devkitpro/devkita64/bin/../lib/gcc/aarch64-none-elf/8.2.0/../../../../aarch64-none-elf/lib/pic\libg.a(lib_a-mprec.o)
                0x000000000001eb98                __multiply
 .text.__pow5mult
                0x000000000001ed60      0x104 c:/devkitpro/devkita64/bin/../lib/gcc/aarch64-none-elf/8.2.0/../../../../aarch64-none-elf/lib/pic\libg.a(lib_a-mprec.o)
                0x000000000001ed60                __pow5mult
 *fill*         0x000000000001ee64        0x4 
 .text.__lshift
                0x000000000001ee68      0x134 c:/devkitpro/devkita64/bin/../lib/gcc/aarch64-none-elf/8.2.0/../../../../aarch64-none-elf/lib/pic\libg.a(lib_a-mprec.o)
                0x000000000001ee68                __lshift
 *fill*         0x000000000001ef9c        0x4 
 .text.__mcmp   0x000000000001efa0       0x50 c:/devkitpro/devkita64/bin/../lib/gcc/aarch64-none-elf/8.2.0/../../../../aarch64-none-elf/lib/pic\libg.a(lib_a-mprec.o)
                0x000000000001efa0                __mcmp
 .text.__mdiff  0x000000000001eff0      0x14c c:/devkitpro/devkita64/bin/../lib/gcc/aarch64-none-elf/8.2.0/../../../../aarch64-none-elf/lib/pic\libg.a(lib_a-mprec.o)
                0x000000000001eff0                __mdiff
 *fill*         0x000000000001f13c        0x4 
 .text.__ulp    0x000000000001f140       0x68 c:/devkitpro/devkita64/bin/../lib/gcc/aarch64-none-elf/8.2.0/../../../../aarch64-none-elf/lib/pic\libg.a(lib_a-mprec.o)
                0x000000000001f140                __ulp
 .text.__b2d    0x000000000001f1a8      0x150 c:/devkitpro/devkita64/bin/../lib/gcc/aarch64-none-elf/8.2.0/../../../../aarch64-none-elf/lib/pic\libg.a(lib_a-mprec.o)
                0x000000000001f1a8                __b2d
 .text.__d2b    0x000000000001f2f8      0x138 c:/devkitpro/devkita64/bin/../lib/gcc/aarch64-none-elf/8.2.0/../../../../aarch64-none-elf/lib/pic\libg.a(lib_a-mprec.o)
                0x000000000001f2f8                __d2b
 .text.__ratio  0x000000000001f430       0xa0 c:/devkitpro/devkita64/bin/../lib/gcc/aarch64-none-elf/8.2.0/../../../../aarch64-none-elf/lib/pic\libg.a(lib_a-mprec.o)
                0x000000000001f430                __ratio
 .text.__copybits
                0x000000000001f4d0       0x68 c:/devkitpro/devkita64/bin/../lib/gcc/aarch64-none-elf/8.2.0/../../../../aarch64-none-elf/lib/pic\libg.a(lib_a-mprec.o)
                0x000000000001f4d0                __copybits
 .text.__any_on
                0x000000000001f538       0x84 c:/devkitpro/devkita64/bin/../lib/gcc/aarch64-none-elf/8.2.0/../../../../aarch64-none-elf/lib/pic\libg.a(lib_a-mprec.o)
                0x000000000001f538                __any_on
 *fill*         0x000000000001f5bc        0x4 
 .text.realloc  0x000000000001f5c0       0x30 c:/devkitpro/devkita64/bin/../lib/gcc/aarch64-none-elf/8.2.0/../../../../aarch64-none-elf/lib/pic\libg.a(lib_a-realloc.o)
                0x000000000001f5c0                realloc
 .text._realloc_r
                0x000000000001f5f0      0x56c c:/devkitpro/devkita64/bin/../lib/gcc/aarch64-none-elf/8.2.0/../../../../aarch64-none-elf/lib/pic\libg.a(lib_a-reallocr.o)
                0x000000000001f5f0                _realloc_r
 *fill*         0x000000000001fb5c        0x4 
 .text.__sccl   0x000000000001fb60       0xbc c:/devkitpro/devkita64/bin/../lib/gcc/aarch64-none-elf/8.2.0/../../../../aarch64-none-elf/lib/pic\libg.a(lib_a-sccl.o)
                0x000000000001fb60                __sccl
 *fill*         0x000000000001fc1c        0x4 
 .text.nanf     0x000000000001fc20        0xc c:/devkitpro/devkita64/bin/../lib/gcc/aarch64-none-elf/8.2.0/../../../../aarch64-none-elf/lib/pic\libg.a(lib_a-sf_nan.o)
                0x000000000001fc20                nanf
 *fill*         0x000000000001fc2c        0x4 
 .text.frexp    0x000000000001fc30       0x7c c:/devkitpro/devkita64/bin/../lib/gcc/aarch64-none-elf/8.2.0/../../../../aarch64-none-elf/lib/pic\libg.a(lib_a-s_frexp.o)
                0x000000000001fc30                frexp
 *fill*         0x000000000001fcac        0x4 
 .text.sprintf  0x000000000001fcb0       0xa8 c:/devkitpro/devkita64/bin/../lib/gcc/aarch64-none-elf/8.2.0/../../../../aarch64-none-elf/lib/pic\libg.a(lib_a-sprintf.o)
                0x000000000001fcb0                sprintf
 .text.stpncpy  0x000000000001fd58       0xc8 c:/devkitpro/devkita64/bin/../lib/gcc/aarch64-none-elf/8.2.0/../../../../aarch64-none-elf/lib/pic\libg.a(lib_a-stpncpy.o)
                0x000000000001fd58                stpncpy
 .text.sulp     0x000000000001fe20       0x54 c:/devkitpro/devkita64/bin/../lib/gcc/aarch64-none-elf/8.2.0/../../../../aarch64-none-elf/lib/pic\libg.a(lib_a-strtod.o)
 *fill*         0x000000000001fe74        0x4 
 .text._strtod_l
                0x000000000001fe78     0x10f0 c:/devkitpro/devkita64/bin/../lib/gcc/aarch64-none-elf/8.2.0/../../../../aarch64-none-elf/lib/pic\libg.a(lib_a-strtod.o)
                0x000000000001fe78                _strtod_l
 .text._strtod_r
                0x0000000000020f68       0x40 c:/devkitpro/devkita64/bin/../lib/gcc/aarch64-none-elf/8.2.0/../../../../aarch64-none-elf/lib/pic\libg.a(lib_a-strtod.o)
                0x0000000000020f68                _strtod_r
 .text._strtoll_l.isra.0
                0x0000000000020fa8      0x1d0 c:/devkitpro/devkita64/bin/../lib/gcc/aarch64-none-elf/8.2.0/../../../../aarch64-none-elf/lib/pic\libg.a(lib_a-strtoll.o)
 .text._strtoll_r
                0x0000000000021178       0x48 c:/devkitpro/devkita64/bin/../lib/gcc/aarch64-none-elf/8.2.0/../../../../aarch64-none-elf/lib/pic\libg.a(lib_a-strtoll.o)
                0x0000000000021178                _strtoll_r
 .text._strtoull_l.isra.0
                0x00000000000211c0      0x1e0 c:/devkitpro/devkita64/bin/../lib/gcc/aarch64-none-elf/8.2.0/../../../../aarch64-none-elf/lib/pic\libg.a(lib_a-strtoull.o)
 .text._strtoull_r
                0x00000000000213a0       0x48 c:/devkitpro/devkita64/bin/../lib/gcc/aarch64-none-elf/8.2.0/../../../../aarch64-none-elf/lib/pic\libg.a(lib_a-strtoull.o)
                0x00000000000213a0                _strtoull_r
 .text.__ssprint_r
                0x00000000000213e8      0x1c0 c:/devkitpro/devkita64/bin/../lib/gcc/aarch64-none-elf/8.2.0/../../../../aarch64-none-elf/lib/pic\libg.a(lib_a-svfiprintf.o)
                0x00000000000213e8                __ssprint_r
 .text._sungetc_r
                0x00000000000215a8       0xf4 c:/devkitpro/devkita64/bin/../lib/gcc/aarch64-none-elf/8.2.0/../../../../aarch64-none-elf/lib/pic\libg.a(lib_a-svfiscanf.o)
                0x00000000000215a8                _sungetc_r
 .text.__ssrefill_r
                0x000000000002169c       0x70 c:/devkitpro/devkita64/bin/../lib/gcc/aarch64-none-elf/8.2.0/../../../../aarch64-none-elf/lib/pic\libg.a(lib_a-svfiscanf.o)
                0x000000000002169c                __ssrefill_r
 .text._sfread_r
                0x000000000002170c       0xe0 c:/devkitpro/devkita64/bin/../lib/gcc/aarch64-none-elf/8.2.0/../../../../aarch64-none-elf/lib/pic\libg.a(lib_a-svfiscanf.o)
                0x000000000002170c                _sfread_r
 .text.get_arg  0x00000000000217ec      0x76c c:/devkitpro/devkita64/bin/../lib/gcc/aarch64-none-elf/8.2.0/../../../../aarch64-none-elf/lib/pic\libg.a(lib_a-svfprintf.o)
 .text._svfprintf_r
                0x0000000000021f58     0x3b44 c:/devkitpro/devkita64/bin/../lib/gcc/aarch64-none-elf/8.2.0/../../../../aarch64-none-elf/lib/pic\libg.a(lib_a-svfprintf.o)
                0x0000000000021f58                _svfprintf_r
 *fill*         0x0000000000025a9c        0x4 
 .text.__submore
                0x0000000000025aa0       0xc8 c:/devkitpro/devkita64/bin/../lib/gcc/aarch64-none-elf/8.2.0/../../../../aarch64-none-elf/lib/pic\libg.a(lib_a-ungetc.o)
                0x0000000000025aa0                __submore
 .text._wcsnrtombs_l
                0x0000000000025b68      0x1dc c:/devkitpro/devkita64/bin/../lib/gcc/aarch64-none-elf/8.2.0/../../../../aarch64-none-elf/lib/pic\libg.a(lib_a-wcsnrtombs.o)
                0x0000000000025b68                _wcsnrtombs_l
 *fill*         0x0000000000025d44        0x4 
 .text._wcsnrtombs_r
                0x0000000000025d48       0x54 c:/devkitpro/devkita64/bin/../lib/gcc/aarch64-none-elf/8.2.0/../../../../aarch64-none-elf/lib/pic\libg.a(lib_a-wcsnrtombs.o)
                0x0000000000025d48                _wcsnrtombs_r
 *fill*         0x0000000000025d9c        0x4 
 .text._calloc_r
                0x0000000000025da0       0x94 c:/devkitpro/devkita64/bin/../lib/gcc/aarch64-none-elf/8.2.0/../../../../aarch64-none-elf/lib/pic\libg.a(lib_a-callocr.o)
                0x0000000000025da0                _calloc_r
 *fill*         0x0000000000025e34        0x4 
 .text._fclose_r
                0x0000000000025e38      0x15c c:/devkitpro/devkita64/bin/../lib/gcc/aarch64-none-elf/8.2.0/../../../../aarch64-none-elf/lib/pic\libg.a(lib_a-fclose.o)
                0x0000000000025e38                _fclose_r
 *fill*         0x0000000000025f94        0x4 
 .text.rshift   0x0000000000025f98      0x114 c:/devkitpro/devkita64/bin/../lib/gcc/aarch64-none-elf/8.2.0/../../../../aarch64-none-elf/lib/pic\libg.a(lib_a-gdtoa-gethex.o)
 *fill*         0x00000000000260ac        0x4 
 .text.__gethex
                0x00000000000260b0      0x7e8 c:/devkitpro/devkita64/bin/../lib/gcc/aarch64-none-elf/8.2.0/../../../../aarch64-none-elf/lib/pic\libg.a(lib_a-gdtoa-gethex.o)
                0x00000000000260b0                __gethex
 .text.__match  0x0000000000026898       0x48 c:/devkitpro/devkita64/bin/../lib/gcc/aarch64-none-elf/8.2.0/../../../../aarch64-none-elf/lib/pic\libg.a(lib_a-gdtoa-hexnan.o)
                0x0000000000026898                __match
 .text.__hexnan
                0x00000000000268e0      0x22c c:/devkitpro/devkita64/bin/../lib/gcc/aarch64-none-elf/8.2.0/../../../../aarch64-none-elf/lib/pic\libg.a(lib_a-gdtoa-hexnan.o)
                0x00000000000268e0                __hexnan
 *fill*         0x0000000000026b0c        0x4 
 .text.null_write
                0x0000000000026b10        0x8 c:/devkitpro/devkita64/bin/../lib/gcc/aarch64-none-elf/8.2.0/../../../../aarch64-none-elf/lib/pic\libsysbase.a(iosupport.o)
 .text.setDefaultDevice
                0x0000000000026b18       0x18 c:/devkitpro/devkita64/bin/../lib/gcc/aarch64-none-elf/8.2.0/../../../../aarch64-none-elf/lib/pic\libsysbase.a(iosupport.o)
                0x0000000000026b18                setDefaultDevice
 .text.FindDevice
                0x0000000000026b30       0xf8 c:/devkitpro/devkita64/bin/../lib/gcc/aarch64-none-elf/8.2.0/../../../../aarch64-none-elf/lib/pic\libsysbase.a(iosupport.o)
                0x0000000000026b30                FindDevice
 .text.RemoveDevice
                0x0000000000026c28       0x34 c:/devkitpro/devkita64/bin/../lib/gcc/aarch64-none-elf/8.2.0/../../../../aarch64-none-elf/lib/pic\libsysbase.a(iosupport.o)
                0x0000000000026c28                RemoveDevice
 *fill*         0x0000000000026c5c        0x4 
 .text.AddDevice
                0x0000000000026c60       0xd8 c:/devkitpro/devkita64/bin/../lib/gcc/aarch64-none-elf/8.2.0/../../../../aarch64-none-elf/lib/pic\libsysbase.a(iosupport.o)
                0x0000000000026c60                AddDevice
 .text._close_r
                0x0000000000026d38       0xa8 c:/devkitpro/devkita64/bin/../lib/gcc/aarch64-none-elf/8.2.0/../../../../aarch64-none-elf/lib/pic\libsysbase.a(close.o)
                0x0000000000026d38                _close_r
 .text._fstat_r
                0x0000000000026de0       0x80 c:/devkitpro/devkita64/bin/../lib/gcc/aarch64-none-elf/8.2.0/../../../../aarch64-none-elf/lib/pic\libsysbase.a(fstat.o)
                0x0000000000026de0                _fstat_r
 .text._gettimeofday_r
                0x0000000000026e60       0x28 c:/devkitpro/devkita64/bin/../lib/gcc/aarch64-none-elf/8.2.0/../../../../aarch64-none-elf/lib/pic\libsysbase.a(gettod.o)
                0x0000000000026e60                _gettimeofday_r
 .text._isatty_r
                0x0000000000026e88        0x8 c:/devkitpro/devkita64/bin/../lib/gcc/aarch64-none-elf/8.2.0/../../../../aarch64-none-elf/lib/pic\libsysbase.a(isatty.o)
                0x0000000000026e88                _isatty_r
 .text._lseek_r
                0x0000000000026e90       0x94 c:/devkitpro/devkita64/bin/../lib/gcc/aarch64-none-elf/8.2.0/../../../../aarch64-none-elf/lib/pic\libsysbase.a(lseek.o)
                0x0000000000026e90                _lseek_r
 *fill*         0x0000000000026f24        0x4 
 .text._read_r  0x0000000000026f28       0xa4 c:/devkitpro/devkita64/bin/../lib/gcc/aarch64-none-elf/8.2.0/../../../../aarch64-none-elf/lib/pic\libsysbase.a(read.o)
                0x0000000000026f28                _read_r
 *fill*         0x0000000000026fcc        0x4 
 .text._sbrk_r  0x0000000000026fd0       0x78 c:/devkitpro/devkita64/bin/../lib/gcc/aarch64-none-elf/8.2.0/../../../../aarch64-none-elf/lib/pic\libsysbase.a(sbrk.o)
                0x0000000000026fd0                _sbrk_r
 .text._write_r
                0x0000000000027048       0xa4 c:/devkitpro/devkita64/bin/../lib/gcc/aarch64-none-elf/8.2.0/../../../../aarch64-none-elf/lib/pic\libsysbase.a(write.o)
                0x0000000000027048                _write_r
 *fill*         0x00000000000270ec        0x4 
 .text._exit    0x00000000000270f0       0x24 c:/devkitpro/devkita64/bin/../lib/gcc/aarch64-none-elf/8.2.0/../../../../aarch64-none-elf/lib/pic\libsysbase.a(_exit.o)
                0x00000000000270f0                _exit
 *fill*         0x0000000000027114        0x4 
 .text._concatenate_path
                0x0000000000027118      0x234 c:/devkitpro/devkita64/bin/../lib/gcc/aarch64-none-elf/8.2.0/../../../../aarch64-none-elf/lib/pic\libsysbase.a(chdir.o)
                0x0000000000027118                _concatenate_path
 *fill*         0x000000000002734c        0x4 
 .text.chdir    0x0000000000027350      0x178 c:/devkitpro/devkita64/bin/../lib/gcc/aarch64-none-elf/8.2.0/../../../../aarch64-none-elf/lib/pic\libsysbase.a(chdir.o)
                0x0000000000027350                chdir
 .text.__libc_lock_acquire
                0x00000000000274c8       0x18 c:/devkitpro/devkita64/bin/../lib/gcc/aarch64-none-elf/8.2.0/../../../../aarch64-none-elf/lib/pic\libsysbase.a(syscall_support.o)
                0x00000000000274c8                __libc_lock_acquire
 .text.__libc_lock_release
                0x00000000000274e0       0x18 c:/devkitpro/devkita64/bin/../lib/gcc/aarch64-none-elf/8.2.0/../../../../aarch64-none-elf/lib/pic\libsysbase.a(syscall_support.o)
                0x00000000000274e0                __libc_lock_release
 .text.__libc_lock_init_recursive